warmup 1 complete
warmup 2 complete
timing 1 complete
timing 2 complete
timing 3 complete
timing 4 complete
timing 5 complete
timing 6 complete
[
  {
    "profile": "basic-mixed-text-v1",
    "writer4": 61.0,
    "writer12": 63.094,
    "writer16": 63.377
  },
  {
    "profile": "basic-image-unique-v2",
    "writer4": 289.406,
    "writer12": 294.217,
    "writer16": 297.274
  },
  {
    "profile": "basic-audio-unique-v2",
    "writer4": 211.771,
    "writer12": 211.441,
    "writer16": 204.656
  },
  {
    "profile": "basic-mixed-unique-v2",
    "writer4": 205.911,
    "writer12": 205.406,
    "writer16": 183.609
  },
  {
    "profile": "basic-mixed-shared-v2",
    "writer4": 75.924,
    "writer12": 75.248,
    "writer16": 72.334
  }
]
