warmup 1 complete
warmup 2 complete
warmup 3 complete
timing 1 complete
timing 2 complete
timing 3 complete
timing 4 complete
timing 5 complete
timing 6 complete
timing 7 complete
timing 8 complete
timing 9 complete
timing 10 complete
[
  {
    "profile": "basic-mixed-text-v1",
    "before": 65.469,
    "after": 58.263
  },
  {
    "profile": "basic-image-unique-v2",
    "before": 329.377,
    "after": 305.741
  },
  {
    "profile": "basic-audio-unique-v2",
    "before": 253.416,
    "after": 216.715
  },
  {
    "profile": "basic-mixed-unique-v2",
    "before": 220.012,
    "after": 190.589
  },
  {
    "profile": "basic-mixed-shared-v2",
    "before": 80.07,
    "after": 73.053
  }
]
