warmup 1 complete
warmup 2 complete
timing 1 complete
timing 2 complete
timing 3 complete
timing 4 complete
timing 5 complete
timing 6 complete
[
  {
    "profile": "basic-mixed-text-v1",
    "before": 64.021,
    "sync": 56.816,
    "digest": 61.575
  },
  {
    "profile": "basic-image-unique-v2",
    "before": 318.971,
    "sync": 328.93,
    "digest": 342.475
  },
  {
    "profile": "basic-audio-unique-v2",
    "before": 248.234,
    "sync": 239.505,
    "digest": 244.534
  },
  {
    "profile": "basic-mixed-unique-v2",
    "before": 228.09,
    "sync": 207.267,
    "digest": 215.89
  },
  {
    "profile": "basic-mixed-shared-v2",
    "before": 77.826,
    "sync": 71.745,
    "digest": 73.608
  }
]
