warmup 1 complete
warmup 2 complete
timing 1 complete
timing 2 complete
timing 3 complete
timing 4 complete
timing 5 complete
timing 6 complete
[
  {
    "profile": "basic-mixed-text-v1",
    "streaming": 66.022,
    "direct": 64.0
  },
  {
    "profile": "basic-image-unique-v2",
    "streaming": 298.817,
    "direct": 283.43
  },
  {
    "profile": "basic-audio-unique-v2",
    "streaming": 214.262,
    "direct": 217.081
  },
  {
    "profile": "basic-mixed-unique-v2",
    "streaming": 191.612,
    "direct": 204.132
  },
  {
    "profile": "basic-mixed-shared-v2",
    "streaming": 79.316,
    "direct": 75.553
  }
]
