warmup 1 complete
warmup 2 complete
timing 1 complete
timing 2 complete
timing 3 complete
timing 4 complete
timing 5 complete
timing 6 complete
[
  {
    "profile": "basic-mixed-text-v1",
    "default": 62.502,
    "writer": 61.924,
    "nonblock": 65.106
  },
  {
    "profile": "basic-image-unique-v2",
    "default": 375.407,
    "writer": 337.127,
    "nonblock": 353.337
  },
  {
    "profile": "basic-audio-unique-v2",
    "default": 254.963,
    "writer": 216.926,
    "nonblock": 257.644
  },
  {
    "profile": "basic-mixed-unique-v2",
    "default": 236.47,
    "writer": 212.041,
    "nonblock": 214.693
  },
  {
    "profile": "basic-mixed-shared-v2",
    "default": 74.7,
    "writer": 76.201,
    "nonblock": 77.27
  }
]
