/Users/hp/.matplotlib is not a writable directory
Matplotlib created a temporary cache directory at /var/folders/xy/0x3613wd08q0hmhjyrjz4sp00000gn/T/matplotlib-o7r166zq because there was an issue with the default path (/Users/hp/.matplotlib); it is highly recommended to set the MPLCONFIGDIR environment variable to a writable directory, in particular to speed up the import of Matplotlib and to better support multiprocessing.

Fontconfig error: No writable cache directories
	/opt/homebrew/var/cache/fontconfig
	/Users/hp/.cache/fontconfig
	/Users/hp/.fontconfig

Fontconfig error: No writable cache directories
	/opt/homebrew/var/cache/fontconfig
	/Users/hp/.cache/fontconfig
	/Users/hp/.fontconfig

Fontconfig error: No writable cache directories
	/opt/homebrew/var/cache/fontconfig
	/Users/hp/.cache/fontconfig
	/Users/hp/.fontconfig

Fontconfig error: No writable cache directories
	/opt/homebrew/var/cache/fontconfig
	/Users/hp/.cache/fontconfig
	/Users/hp/.fontconfig
Matplotlib is building the font cache; this may take a moment.
{"historical_slower_cells": 20, "faster_than_previous_archive": 19, "faster_than_fresh_genanki": 20, "report": "report.md"}
