{
  "faster_cells_vs_preoptimization": 20,
  "at_1000": [
    {
      "profile": "basic-mixed-text-v1",
      "label": "纯文本",
      "notes": 1000,
      "rust_time_ms_after": 61.5935,
      "rust_time_ms_preoptimization": 90.99000000000001,
      "rust_time_ms_change_from_preoptimization_pct": -32.307396417188706,
      "rust_time_ms_historical": 53.871,
      "rust_time_ms_change_from_historical_pct": 14.335171056783791,
      "rust_rss_mib_after": 28.984375,
      "rust_rss_mib_preoptimization": 28.40625,
      "rust_rss_mib_change_from_preoptimization_pct": 2.0352035203520247,
      "rust_rss_mib_historical": 30.0625,
      "rust_rss_mib_change_from_historical_pct": -3.5862785862785906,
      "rust_apkg_bytes_after": 436477.0,
      "rust_apkg_bytes_preoptimization": 436478.0,
      "rust_apkg_bytes_change_from_preoptimization_pct": -0.00022910662164088436,
      "rust_apkg_bytes_historical": 209225.0,
      "rust_apkg_bytes_change_from_historical_pct": 108.61608316405781,
      "rust_time_ms_after_q1": 58.5985,
      "rust_time_ms_after_q3": 64.86075,
      "genanki_time_ms_after": 103.06049999999999,
      "genanki_time_ms_preoptimization": 132.2685,
      "genanki_time_ms_change_from_preoptimization_pct": -22.082355209290196,
      "genanki_time_ms_historical": 115.4695,
      "genanki_time_ms_change_from_historical_pct": -10.74656078011943,
      "genanki_rss_mib_after": 31.328125,
      "genanki_rss_mib_preoptimization": 32.671875,
      "genanki_rss_mib_change_from_preoptimization_pct": -4.112864658058346,
      "genanki_rss_mib_historical": 32.640625,
      "genanki_rss_mib_change_from_historical_pct": -4.021062709430345,
      "genanki_apkg_bytes_after": 868570.0,
      "genanki_apkg_bytes_preoptimization": 868570.0,
      "genanki_apkg_bytes_change_from_preoptimization_pct": 0.0,
      "genanki_apkg_bytes_historical": 868570.0,
      "genanki_apkg_bytes_change_from_historical_pct": 0.0,
      "genanki_time_ms_after_q1": 101.333,
      "genanki_time_ms_after_q3": 109.78,
      "rust_over_genanki_after": 0.5976441022506198,
      "rust_over_genanki_relative_change_pct": -13.122882801916603
    },
    {
      "profile": "basic-image-unique-v2",
      "label": "独立图片",
      "notes": 1000,
      "rust_time_ms_after": 408.419,
      "rust_time_ms_preoptimization": 9863.0955,
      "rust_time_ms_change_from_preoptimization_pct": -95.85911948231669,
      "rust_time_ms_historical": 238.638,
      "rust_time_ms_change_from_historical_pct": 71.14583595236299,
      "rust_rss_mib_after": 44.390625,
      "rust_rss_mib_preoptimization": 98.28125,
      "rust_rss_mib_change_from_preoptimization_pct": -54.83306836248012,
      "rust_rss_mib_historical": 40.25,
      "rust_rss_mib_change_from_historical_pct": 10.287267080745345,
      "rust_apkg_bytes_after": 64874059.0,
      "rust_apkg_bytes_preoptimization": 64874059.0,
      "rust_apkg_bytes_change_from_preoptimization_pct": 0.0,
      "rust_apkg_bytes_historical": 64481665.0,
      "rust_apkg_bytes_change_from_historical_pct": 0.6085357752471099,
      "rust_time_ms_after_q1": 403.65575,
      "rust_time_ms_after_q3": 417.429,
      "genanki_time_ms_after": 321.007,
      "genanki_time_ms_preoptimization": 424.981,
      "genanki_time_ms_change_from_preoptimization_pct": -24.4655643428765,
      "genanki_time_ms_historical": 365.4905,
      "genanki_time_ms_change_from_historical_pct": -12.170904578915188,
      "genanki_rss_mib_after": 35.28125,
      "genanki_rss_mib_preoptimization": 35.765625,
      "genanki_rss_mib_change_from_preoptimization_pct": -1.3543031891655732,
      "genanki_rss_mib_historical": 35.765625,
      "genanki_rss_mib_change_from_historical_pct": -1.3543031891655732,
      "genanki_apkg_bytes_after": 65192774.0,
      "genanki_apkg_bytes_preoptimization": 65192774.0,
      "genanki_apkg_bytes_change_from_preoptimization_pct": 0.0,
      "genanki_apkg_bytes_historical": 65192774.0,
      "genanki_apkg_bytes_change_from_historical_pct": 0.0,
      "genanki_time_ms_after_q1": 296.2705,
      "genanki_time_ms_after_q3": 336.3095,
      "rust_over_genanki_after": 1.2723055883516559,
      "rust_over_genanki_relative_change_pct": -94.51789044075184
    },
    {
      "profile": "basic-audio-unique-v2",
      "label": "独立音频",
      "notes": 1000,
      "rust_time_ms_after": 348.73900000000003,
      "rust_time_ms_preoptimization": 9388.619,
      "rust_time_ms_change_from_preoptimization_pct": -96.28551334333622,
      "rust_time_ms_historical": 175.458,
      "rust_time_ms_change_from_historical_pct": 98.75924722725668,
      "rust_rss_mib_after": 43.75,
      "rust_rss_mib_preoptimization": 66.796875,
      "rust_rss_mib_change_from_preoptimization_pct": -34.50292397660819,
      "rust_rss_mib_historical": 39.5625,
      "rust_rss_mib_change_from_historical_pct": 10.584518167456558,
      "rust_apkg_bytes_after": 32597928.0,
      "rust_apkg_bytes_preoptimization": 32597929.0,
      "rust_apkg_bytes_change_from_preoptimization_pct": -3.0676795437223348e-06,
      "rust_apkg_bytes_historical": 32206630.0,
      "rust_apkg_bytes_change_from_historical_pct": 1.2149610188957993,
      "rust_time_ms_after_q1": 339.1345,
      "rust_time_ms_after_q3": 351.983,
      "genanki_time_ms_after": 272.92499999999995,
      "genanki_time_ms_preoptimization": 386.33299999999997,
      "genanki_time_ms_change_from_preoptimization_pct": -29.354986501282575,
      "genanki_time_ms_historical": 298.8485,
      "genanki_time_ms_change_from_historical_pct": -8.674462143862204,
      "genanki_rss_mib_after": 35.75,
      "genanki_rss_mib_preoptimization": 36.15625,
      "genanki_rss_mib_change_from_preoptimization_pct": -1.1235955056179803,
      "genanki_rss_mib_historical": 36.234375,
      "genanki_rss_mib_change_from_historical_pct": -1.3367830961621419,
      "genanki_apkg_bytes_after": 33043814.0,
      "genanki_apkg_bytes_preoptimization": 33043814.0,
      "genanki_apkg_bytes_change_from_preoptimization_pct": 0.0,
      "genanki_apkg_bytes_historical": 33043814.0,
      "genanki_apkg_bytes_change_from_historical_pct": 0.0,
      "genanki_time_ms_after_q1": 263.82000000000005,
      "genanki_time_ms_after_q3": 280.065,
      "rust_over_genanki_after": 1.277783273793167,
      "rust_over_genanki_relative_change_pct": -94.74203985150174
    },
    {
      "profile": "basic-mixed-unique-v2",
      "label": "混合独立媒体",
      "notes": 1000,
      "rust_time_ms_after": 267.57050000000004,
      "rust_time_ms_preoptimization": 6649.202,
      "rust_time_ms_change_from_preoptimization_pct": -95.97590056671463,
      "rust_time_ms_historical": 160.06,
      "rust_time_ms_change_from_historical_pct": 67.16887417218544,
      "rust_rss_mib_after": 42.734375,
      "rust_rss_mib_preoptimization": 68.171875,
      "rust_rss_mib_change_from_preoptimization_pct": -37.31377492550997,
      "rust_rss_mib_historical": 38.1875,
      "rust_rss_mib_change_from_historical_pct": 11.90671031096564,
      "rust_apkg_bytes_after": 35858387.0,
      "rust_apkg_bytes_preoptimization": 35858388.0,
      "rust_apkg_bytes_change_from_preoptimization_pct": -2.788747777149325e-06,
      "rust_apkg_bytes_historical": 35516477.0,
      "rust_apkg_bytes_change_from_historical_pct": 0.9626799414818032,
      "rust_time_ms_after_q1": 262.48425,
      "rust_time_ms_after_q3": 284.8885,
      "genanki_time_ms_after": 231.51600000000002,
      "genanki_time_ms_preoptimization": 341.0005,
      "genanki_time_ms_change_from_preoptimization_pct": -32.10684441811667,
      "genanki_time_ms_historical": 279.531,
      "genanki_time_ms_change_from_historical_pct": -17.176985736823458,
      "genanki_rss_mib_after": 34.21875,
      "genanki_rss_mib_preoptimization": 35.125,
      "genanki_rss_mib_change_from_preoptimization_pct": -2.5800711743772187,
      "genanki_rss_mib_historical": 35.203125,
      "genanki_rss_mib_change_from_historical_pct": -2.79627163781625,
      "genanki_apkg_bytes_after": 36249906.0,
      "genanki_apkg_bytes_preoptimization": 36249906.0,
      "genanki_apkg_bytes_change_from_preoptimization_pct": 0.0,
      "genanki_apkg_bytes_historical": 36249906.0,
      "genanki_apkg_bytes_change_from_historical_pct": 0.0,
      "genanki_time_ms_after_q1": 229.48024999999998,
      "genanki_time_ms_after_q3": 244.653,
      "rust_over_genanki_after": 1.1557322172117694,
      "rust_over_genanki_relative_change_pct": -94.07289380086029
    },
    {
      "profile": "basic-mixed-shared-v2",
      "label": "混合共享媒体",
      "notes": 1000,
      "rust_time_ms_after": 85.22200000000001,
      "rust_time_ms_preoptimization": 492.39250000000004,
      "rust_time_ms_change_from_preoptimization_pct": -82.69226277816986,
      "rust_time_ms_historical": 69.0535,
      "rust_time_ms_change_from_historical_pct": 23.41445401029638,
      "rust_rss_mib_after": 36.9375,
      "rust_rss_mib_preoptimization": 32.90625,
      "rust_rss_mib_change_from_preoptimization_pct": 12.250712250712258,
      "rust_rss_mib_historical": 35.0625,
      "rust_rss_mib_change_from_historical_pct": 5.3475935828877,
      "rust_apkg_bytes_after": 2916192.0,
      "rust_apkg_bytes_preoptimization": 2916193.0,
      "rust_apkg_bytes_change_from_preoptimization_pct": -3.429128319076824e-05,
      "rust_apkg_bytes_historical": 2681091.0,
      "rust_apkg_bytes_change_from_historical_pct": 8.768855663608587,
      "rust_time_ms_after_q1": 74.27449999999999,
      "rust_time_ms_after_q3": 91.68125,
      "genanki_time_ms_after": 114.32849999999999,
      "genanki_time_ms_preoptimization": 142.93099999999998,
      "genanki_time_ms_change_from_preoptimization_pct": -20.01140410407819,
      "genanki_time_ms_historical": 124.0425,
      "genanki_time_ms_change_from_historical_pct": -7.8311868915895815,
      "genanki_rss_mib_after": 32.65625,
      "genanki_rss_mib_preoptimization": 33.34375,
      "genanki_rss_mib_change_from_preoptimization_pct": -2.0618556701030966,
      "genanki_rss_mib_historical": 33.3125,
      "genanki_rss_mib_change_from_historical_pct": -1.9699812382739212,
      "genanki_apkg_bytes_after": 3375582.0,
      "genanki_apkg_bytes_preoptimization": 3375582.0,
      "genanki_apkg_bytes_change_from_preoptimization_pct": 0.0,
      "genanki_apkg_bytes_historical": 3375582.0,
      "genanki_apkg_bytes_change_from_historical_pct": 0.0,
      "genanki_time_ms_after_q1": 112.026,
      "genanki_time_ms_after_q3": 118.70675,
      "rust_over_genanki_after": 0.7454134358449557,
      "rust_over_genanki_relative_change_pct": -78.36224398244178
    }
  ]
}
