{"role": "warmup", "repeat": 0, "profile": "basic-mixed-text-v1", "mode": "optimized", "elapsed_ms": 3190.42}
{"role": "warmup", "repeat": 0, "profile": "basic-mixed-text-v1", "mode": "historical", "elapsed_ms": 157.196}
{"role": "warmup", "repeat": 0, "profile": "basic-image-unique-v2", "mode": "optimized", "elapsed_ms": 737.303}
{"role": "warmup", "repeat": 0, "profile": "basic-image-unique-v2", "mode": "historical", "elapsed_ms": 265.017}
{"role": "timing", "repeat": 0, "profile": "basic-mixed-text-v1", "mode": "optimized", "elapsed_ms": 73.709}
{"role": "timing", "repeat": 0, "profile": "basic-mixed-text-v1", "mode": "historical", "elapsed_ms": 53.969}
{"role": "timing", "repeat": 0, "profile": "basic-image-unique-v2", "mode": "optimized", "elapsed_ms": 497.606}
{"role": "timing", "repeat": 0, "profile": "basic-image-unique-v2", "mode": "historical", "elapsed_ms": 266.417}
{"role": "timing", "repeat": 1, "profile": "basic-mixed-text-v1", "mode": "historical", "elapsed_ms": 68.038}
{"role": "timing", "repeat": 1, "profile": "basic-mixed-text-v1", "mode": "optimized", "elapsed_ms": 70.759}
{"role": "timing", "repeat": 1, "profile": "basic-image-unique-v2", "mode": "historical", "elapsed_ms": 222.235}
{"role": "timing", "repeat": 1, "profile": "basic-image-unique-v2", "mode": "optimized", "elapsed_ms": 513.672}
{"role": "timing", "repeat": 2, "profile": "basic-mixed-text-v1", "mode": "optimized", "elapsed_ms": 70.255}
{"role": "timing", "repeat": 2, "profile": "basic-mixed-text-v1", "mode": "historical", "elapsed_ms": 53.405}
{"role": "timing", "repeat": 2, "profile": "basic-image-unique-v2", "mode": "optimized", "elapsed_ms": 454.79}
{"role": "timing", "repeat": 2, "profile": "basic-image-unique-v2", "mode": "historical", "elapsed_ms": 267.829}
{"role": "timing", "repeat": 3, "profile": "basic-mixed-text-v1", "mode": "historical", "elapsed_ms": 63.135}
{"role": "timing", "repeat": 3, "profile": "basic-mixed-text-v1", "mode": "optimized", "elapsed_ms": 69.21}
{"role": "timing", "repeat": 3, "profile": "basic-image-unique-v2", "mode": "historical", "elapsed_ms": 202.076}
{"role": "timing", "repeat": 3, "profile": "basic-image-unique-v2", "mode": "optimized", "elapsed_ms": 438.741}
{"role": "timing", "repeat": 4, "profile": "basic-mixed-text-v1", "mode": "optimized", "elapsed_ms": 68.396}
{"role": "timing", "repeat": 4, "profile": "basic-mixed-text-v1", "mode": "historical", "elapsed_ms": 53.544}
{"role": "timing", "repeat": 4, "profile": "basic-image-unique-v2", "mode": "optimized", "elapsed_ms": 446.232}
{"role": "timing", "repeat": 4, "profile": "basic-image-unique-v2", "mode": "historical", "elapsed_ms": 257.175}
{"basic-mixed-text-v1": {"optimized": 70.255, "historical": 53.969}, "basic-image-unique-v2": {"optimized": 454.79, "historical": 257.175}}
