{"role": "warmup", "repeat": 0, "profile": "basic-mixed-unique-v2", "mode": "snapshot_disk", "elapsed_ms": 3609.811}
{"role": "warmup", "repeat": 0, "profile": "basic-audio-unique-v2", "mode": "skip_retain_sync", "elapsed_ms": 493.591}
{"role": "warmup", "repeat": 0, "profile": "basic-audio-unique-v2", "mode": "default", "elapsed_ms": 401.293}
{"role": "warmup", "repeat": 0, "profile": "basic-mixed-unique-v2", "mode": "snapshot_memory", "elapsed_ms": 183.016}
{"role": "warmup", "repeat": 0, "profile": "basic-mixed-shared-v2", "mode": "default", "elapsed_ms": 82.817}
{"role": "warmup", "repeat": 0, "profile": "basic-image-unique-v2", "mode": "skip_retain_sync", "elapsed_ms": 592.99}
{"role": "warmup", "repeat": 0, "profile": "basic-mixed-text-v1", "mode": "skip_retain_sync", "elapsed_ms": 67.663}
{"role": "warmup", "repeat": 0, "profile": "basic-mixed-shared-v2", "mode": "official", "elapsed_ms": 87.198}
{"role": "warmup", "repeat": 0, "profile": "basic-image-unique-v2", "mode": "snapshot_disk", "elapsed_ms": 466.375}
{"role": "warmup", "repeat": 0, "profile": "basic-mixed-text-v1", "mode": "snapshot_disk", "elapsed_ms": 66.485}
{"role": "warmup", "repeat": 0, "profile": "basic-audio-unique-v2", "mode": "snapshot_disk", "elapsed_ms": 372.622}
{"role": "warmup", "repeat": 0, "profile": "basic-mixed-unique-v2", "mode": "official", "elapsed_ms": 330.696}
{"role": "warmup", "repeat": 0, "profile": "basic-image-unique-v2", "mode": "official", "elapsed_ms": 459.786}
{"role": "warmup", "repeat": 0, "profile": "basic-image-unique-v2", "mode": "default", "elapsed_ms": 426.931}
{"role": "warmup", "repeat": 0, "profile": "basic-mixed-shared-v2", "mode": "snapshot_disk", "elapsed_ms": 154.229}
{"role": "warmup", "repeat": 0, "profile": "basic-mixed-shared-v2", "mode": "snapshot_memory", "elapsed_ms": 117.564}
{"role": "warmup", "repeat": 0, "profile": "basic-mixed-text-v1", "mode": "default", "elapsed_ms": 81.151}
{"role": "warmup", "repeat": 0, "profile": "basic-mixed-unique-v2", "mode": "skip_retain_sync", "elapsed_ms": 488.145}
{"role": "warmup", "repeat": 0, "profile": "basic-mixed-unique-v2", "mode": "serial_media", "elapsed_ms": 396.835}
{"role": "warmup", "repeat": 0, "profile": "basic-audio-unique-v2", "mode": "official", "elapsed_ms": 360.61}
{"role": "warmup", "repeat": 0, "profile": "basic-mixed-shared-v2", "mode": "serial_media", "elapsed_ms": 79.468}
{"role": "warmup", "repeat": 0, "profile": "basic-mixed-text-v1", "mode": "snapshot_memory", "elapsed_ms": 64.311}
{"role": "warmup", "repeat": 0, "profile": "basic-audio-unique-v2", "mode": "serial_media", "elapsed_ms": 397.904}
{"role": "warmup", "repeat": 0, "profile": "basic-image-unique-v2", "mode": "snapshot_memory", "elapsed_ms": 279.528}
{"role": "warmup", "repeat": 0, "profile": "basic-audio-unique-v2", "mode": "snapshot_memory", "elapsed_ms": 196.136}
{"role": "warmup", "repeat": 0, "profile": "basic-mixed-text-v1", "mode": "serial_media", "elapsed_ms": 67.691}
{"role": "warmup", "repeat": 0, "profile": "basic-image-unique-v2", "mode": "serial_media", "elapsed_ms": 499.57}
{"role": "warmup", "repeat": 0, "profile": "basic-mixed-shared-v2", "mode": "skip_retain_sync", "elapsed_ms": 77.734}
{"role": "warmup", "repeat": 0, "profile": "basic-mixed-unique-v2", "mode": "default", "elapsed_ms": 325.242}
{"role": "warmup", "repeat": 0, "profile": "basic-mixed-text-v1", "mode": "official", "elapsed_ms": 66.837}
warmup round 1 complete
{"role": "timing", "repeat": 0, "profile": "basic-mixed-shared-v2", "mode": "official", "elapsed_ms": 76.575}
{"role": "timing", "repeat": 0, "profile": "basic-mixed-text-v1", "mode": "official", "elapsed_ms": 65.083}
{"role": "timing", "repeat": 0, "profile": "basic-audio-unique-v2", "mode": "official", "elapsed_ms": 413.078}
{"role": "timing", "repeat": 0, "profile": "basic-audio-unique-v2", "mode": "snapshot_memory", "elapsed_ms": 223.044}
{"role": "timing", "repeat": 0, "profile": "basic-mixed-unique-v2", "mode": "official", "elapsed_ms": 294.276}
{"role": "timing", "repeat": 0, "profile": "basic-audio-unique-v2", "mode": "skip_retain_sync", "elapsed_ms": 341.69}
{"role": "timing", "repeat": 0, "profile": "basic-mixed-unique-v2", "mode": "serial_media", "elapsed_ms": 357.747}
{"role": "timing", "repeat": 0, "profile": "basic-mixed-text-v1", "mode": "snapshot_memory", "elapsed_ms": 74.081}
{"role": "timing", "repeat": 0, "profile": "basic-image-unique-v2", "mode": "default", "elapsed_ms": 436.223}
{"role": "timing", "repeat": 0, "profile": "basic-mixed-unique-v2", "mode": "default", "elapsed_ms": 335.66}
{"role": "timing", "repeat": 0, "profile": "basic-mixed-text-v1", "mode": "serial_media", "elapsed_ms": 69.124}
{"role": "timing", "repeat": 0, "profile": "basic-mixed-shared-v2", "mode": "skip_retain_sync", "elapsed_ms": 72.146}
{"role": "timing", "repeat": 0, "profile": "basic-mixed-unique-v2", "mode": "skip_retain_sync", "elapsed_ms": 278.075}
{"role": "timing", "repeat": 0, "profile": "basic-audio-unique-v2", "mode": "default", "elapsed_ms": 390.077}
{"role": "timing", "repeat": 0, "profile": "basic-mixed-shared-v2", "mode": "snapshot_memory", "elapsed_ms": 87.735}
{"role": "timing", "repeat": 0, "profile": "basic-mixed-text-v1", "mode": "snapshot_disk", "elapsed_ms": 63.362}
{"role": "timing", "repeat": 0, "profile": "basic-image-unique-v2", "mode": "official", "elapsed_ms": 392.062}
{"role": "timing", "repeat": 0, "profile": "basic-mixed-unique-v2", "mode": "snapshot_memory", "elapsed_ms": 196.747}
{"role": "timing", "repeat": 0, "profile": "basic-image-unique-v2", "mode": "skip_retain_sync", "elapsed_ms": 438.731}
{"role": "timing", "repeat": 0, "profile": "basic-audio-unique-v2", "mode": "snapshot_disk", "elapsed_ms": 690.607}
{"role": "timing", "repeat": 0, "profile": "basic-mixed-shared-v2", "mode": "snapshot_disk", "elapsed_ms": 96.821}
{"role": "timing", "repeat": 0, "profile": "basic-mixed-shared-v2", "mode": "default", "elapsed_ms": 71.54}
{"role": "timing", "repeat": 0, "profile": "basic-audio-unique-v2", "mode": "serial_media", "elapsed_ms": 398.827}
{"role": "timing", "repeat": 0, "profile": "basic-mixed-text-v1", "mode": "skip_retain_sync", "elapsed_ms": 58.157}
{"role": "timing", "repeat": 0, "profile": "basic-image-unique-v2", "mode": "snapshot_disk", "elapsed_ms": 422.753}
{"role": "timing", "repeat": 0, "profile": "basic-mixed-text-v1", "mode": "default", "elapsed_ms": 67.914}
{"role": "timing", "repeat": 0, "profile": "basic-mixed-shared-v2", "mode": "serial_media", "elapsed_ms": 79.075}
{"role": "timing", "repeat": 0, "profile": "basic-mixed-unique-v2", "mode": "snapshot_disk", "elapsed_ms": 293.712}
{"role": "timing", "repeat": 0, "profile": "basic-image-unique-v2", "mode": "serial_media", "elapsed_ms": 548.394}
{"role": "timing", "repeat": 0, "profile": "basic-image-unique-v2", "mode": "snapshot_memory", "elapsed_ms": 248.144}
timing round 1 complete
{"role": "timing", "repeat": 1, "profile": "basic-mixed-unique-v2", "mode": "official", "elapsed_ms": 306.846}
{"role": "timing", "repeat": 1, "profile": "basic-audio-unique-v2", "mode": "snapshot_memory", "elapsed_ms": 223.673}
{"role": "timing", "repeat": 1, "profile": "basic-mixed-shared-v2", "mode": "default", "elapsed_ms": 92.12}
{"role": "timing", "repeat": 1, "profile": "basic-mixed-shared-v2", "mode": "snapshot_memory", "elapsed_ms": 101.402}
{"role": "timing", "repeat": 1, "profile": "basic-image-unique-v2", "mode": "skip_retain_sync", "elapsed_ms": 414.887}
{"role": "timing", "repeat": 1, "profile": "basic-mixed-shared-v2", "mode": "snapshot_disk", "elapsed_ms": 97.657}
{"role": "timing", "repeat": 1, "profile": "basic-mixed-unique-v2", "mode": "default", "elapsed_ms": 293.698}
{"role": "timing", "repeat": 1, "profile": "basic-mixed-unique-v2", "mode": "snapshot_disk", "elapsed_ms": 299.568}
{"role": "timing", "repeat": 1, "profile": "basic-image-unique-v2", "mode": "snapshot_disk", "elapsed_ms": 449.109}
{"role": "timing", "repeat": 1, "profile": "basic-image-unique-v2", "mode": "serial_media", "elapsed_ms": 540.731}
{"role": "timing", "repeat": 1, "profile": "basic-mixed-unique-v2", "mode": "skip_retain_sync", "elapsed_ms": 282.804}
{"role": "timing", "repeat": 1, "profile": "basic-audio-unique-v2", "mode": "snapshot_disk", "elapsed_ms": 388.812}
{"role": "timing", "repeat": 1, "profile": "basic-audio-unique-v2", "mode": "official", "elapsed_ms": 366.544}
{"role": "timing", "repeat": 1, "profile": "basic-mixed-text-v1", "mode": "serial_media", "elapsed_ms": 64.834}
{"role": "timing", "repeat": 1, "profile": "basic-mixed-text-v1", "mode": "official", "elapsed_ms": 62.782}
{"role": "timing", "repeat": 1, "profile": "basic-audio-unique-v2", "mode": "default", "elapsed_ms": 334.824}
{"role": "timing", "repeat": 1, "profile": "basic-mixed-shared-v2", "mode": "official", "elapsed_ms": 75.56}
{"role": "timing", "repeat": 1, "profile": "basic-mixed-unique-v2", "mode": "serial_media", "elapsed_ms": 338.381}
{"role": "timing", "repeat": 1, "profile": "basic-mixed-text-v1", "mode": "snapshot_disk", "elapsed_ms": 67.265}
{"role": "timing", "repeat": 1, "profile": "basic-mixed-unique-v2", "mode": "snapshot_memory", "elapsed_ms": 299.23}
{"role": "timing", "repeat": 1, "profile": "basic-mixed-text-v1", "mode": "default", "elapsed_ms": 64.666}
{"role": "timing", "repeat": 1, "profile": "basic-audio-unique-v2", "mode": "skip_retain_sync", "elapsed_ms": 333.738}
{"role": "timing", "repeat": 1, "profile": "basic-mixed-shared-v2", "mode": "serial_media", "elapsed_ms": 84.652}
{"role": "timing", "repeat": 1, "profile": "basic-mixed-text-v1", "mode": "snapshot_memory", "elapsed_ms": 63.935}
{"role": "timing", "repeat": 1, "profile": "basic-mixed-text-v1", "mode": "skip_retain_sync", "elapsed_ms": 65.248}
{"role": "timing", "repeat": 1, "profile": "basic-image-unique-v2", "mode": "default", "elapsed_ms": 407.542}
{"role": "timing", "repeat": 1, "profile": "basic-mixed-shared-v2", "mode": "skip_retain_sync", "elapsed_ms": 69.845}
{"role": "timing", "repeat": 1, "profile": "basic-image-unique-v2", "mode": "official", "elapsed_ms": 449.758}
{"role": "timing", "repeat": 1, "profile": "basic-audio-unique-v2", "mode": "serial_media", "elapsed_ms": 433.519}
{"role": "timing", "repeat": 1, "profile": "basic-image-unique-v2", "mode": "snapshot_memory", "elapsed_ms": 244.814}
timing round 2 complete
{"role": "timing", "repeat": 2, "profile": "basic-image-unique-v2", "mode": "snapshot_memory", "elapsed_ms": 241.578}
{"role": "timing", "repeat": 2, "profile": "basic-audio-unique-v2", "mode": "skip_retain_sync", "elapsed_ms": 343.213}
{"role": "timing", "repeat": 2, "profile": "basic-mixed-shared-v2", "mode": "skip_retain_sync", "elapsed_ms": 79.327}
{"role": "timing", "repeat": 2, "profile": "basic-mixed-unique-v2", "mode": "snapshot_disk", "elapsed_ms": 322.899}
{"role": "timing", "repeat": 2, "profile": "basic-mixed-shared-v2", "mode": "official", "elapsed_ms": 73.523}
{"role": "timing", "repeat": 2, "profile": "basic-mixed-shared-v2", "mode": "default", "elapsed_ms": 77.544}
{"role": "timing", "repeat": 2, "profile": "basic-audio-unique-v2", "mode": "snapshot_disk", "elapsed_ms": 378.955}
{"role": "timing", "repeat": 2, "profile": "basic-mixed-unique-v2", "mode": "snapshot_memory", "elapsed_ms": 176.197}
{"role": "timing", "repeat": 2, "profile": "basic-mixed-text-v1", "mode": "serial_media", "elapsed_ms": 60.812}
{"role": "timing", "repeat": 2, "profile": "basic-mixed-unique-v2", "mode": "default", "elapsed_ms": 303.13}
{"role": "timing", "repeat": 2, "profile": "basic-audio-unique-v2", "mode": "official", "elapsed_ms": 574.418}
{"role": "timing", "repeat": 2, "profile": "basic-mixed-shared-v2", "mode": "snapshot_memory", "elapsed_ms": 83.414}
{"role": "timing", "repeat": 2, "profile": "basic-image-unique-v2", "mode": "skip_retain_sync", "elapsed_ms": 778.675}
{"role": "timing", "repeat": 2, "profile": "basic-mixed-unique-v2", "mode": "skip_retain_sync", "elapsed_ms": 403.608}
{"role": "timing", "repeat": 2, "profile": "basic-mixed-text-v1", "mode": "snapshot_memory", "elapsed_ms": 67.239}
{"role": "timing", "repeat": 2, "profile": "basic-mixed-shared-v2", "mode": "snapshot_disk", "elapsed_ms": 94.592}
{"role": "timing", "repeat": 2, "profile": "basic-image-unique-v2", "mode": "official", "elapsed_ms": 418.891}
{"role": "timing", "repeat": 2, "profile": "basic-audio-unique-v2", "mode": "snapshot_memory", "elapsed_ms": 209.107}
{"role": "timing", "repeat": 2, "profile": "basic-image-unique-v2", "mode": "default", "elapsed_ms": 425.7}
{"role": "timing", "repeat": 2, "profile": "basic-mixed-text-v1", "mode": "default", "elapsed_ms": 73.344}
{"role": "timing", "repeat": 2, "profile": "basic-mixed-shared-v2", "mode": "serial_media", "elapsed_ms": 82.582}
{"role": "timing", "repeat": 2, "profile": "basic-mixed-text-v1", "mode": "official", "elapsed_ms": 66.526}
{"role": "timing", "repeat": 2, "profile": "basic-mixed-text-v1", "mode": "skip_retain_sync", "elapsed_ms": 61.576}
{"role": "timing", "repeat": 2, "profile": "basic-mixed-text-v1", "mode": "snapshot_disk", "elapsed_ms": 61.975}
{"role": "timing", "repeat": 2, "profile": "basic-mixed-unique-v2", "mode": "serial_media", "elapsed_ms": 346.46}
{"role": "timing", "repeat": 2, "profile": "basic-image-unique-v2", "mode": "snapshot_disk", "elapsed_ms": 465.419}
{"role": "timing", "repeat": 2, "profile": "basic-audio-unique-v2", "mode": "default", "elapsed_ms": 355.507}
{"role": "timing", "repeat": 2, "profile": "basic-mixed-unique-v2", "mode": "official", "elapsed_ms": 283.152}
{"role": "timing", "repeat": 2, "profile": "basic-image-unique-v2", "mode": "serial_media", "elapsed_ms": 525.004}
{"role": "timing", "repeat": 2, "profile": "basic-audio-unique-v2", "mode": "serial_media", "elapsed_ms": 718.624}
timing round 3 complete
{"role": "timing", "repeat": 3, "profile": "basic-mixed-unique-v2", "mode": "official", "elapsed_ms": 290.313}
{"role": "timing", "repeat": 3, "profile": "basic-mixed-text-v1", "mode": "snapshot_memory", "elapsed_ms": 68.838}
{"role": "timing", "repeat": 3, "profile": "basic-audio-unique-v2", "mode": "default", "elapsed_ms": 341.499}
{"role": "timing", "repeat": 3, "profile": "basic-mixed-shared-v2", "mode": "snapshot_memory", "elapsed_ms": 84.594}
{"role": "timing", "repeat": 3, "profile": "basic-image-unique-v2", "mode": "snapshot_disk", "elapsed_ms": 431.383}
{"role": "timing", "repeat": 3, "profile": "basic-image-unique-v2", "mode": "snapshot_memory", "elapsed_ms": 267.377}
{"role": "timing", "repeat": 3, "profile": "basic-mixed-unique-v2", "mode": "default", "elapsed_ms": 299.158}
{"role": "timing", "repeat": 3, "profile": "basic-mixed-text-v1", "mode": "official", "elapsed_ms": 66.763}
{"role": "timing", "repeat": 3, "profile": "basic-audio-unique-v2", "mode": "skip_retain_sync", "elapsed_ms": 353.546}
{"role": "timing", "repeat": 3, "profile": "basic-mixed-unique-v2", "mode": "snapshot_memory", "elapsed_ms": 175.81}
{"role": "timing", "repeat": 3, "profile": "basic-mixed-shared-v2", "mode": "default", "elapsed_ms": 74.201}
{"role": "timing", "repeat": 3, "profile": "basic-audio-unique-v2", "mode": "snapshot_disk", "elapsed_ms": 374.113}
{"role": "timing", "repeat": 3, "profile": "basic-mixed-shared-v2", "mode": "serial_media", "elapsed_ms": 77.684}
{"role": "timing", "repeat": 3, "profile": "basic-mixed-text-v1", "mode": "serial_media", "elapsed_ms": 61.656}
{"role": "timing", "repeat": 3, "profile": "basic-mixed-unique-v2", "mode": "skip_retain_sync", "elapsed_ms": 273.414}
{"role": "timing", "repeat": 3, "profile": "basic-mixed-text-v1", "mode": "skip_retain_sync", "elapsed_ms": 65.008}
{"role": "timing", "repeat": 3, "profile": "basic-mixed-shared-v2", "mode": "skip_retain_sync", "elapsed_ms": 71.923}
{"role": "timing", "repeat": 3, "profile": "basic-mixed-unique-v2", "mode": "snapshot_disk", "elapsed_ms": 303.593}
{"role": "timing", "repeat": 3, "profile": "basic-image-unique-v2", "mode": "skip_retain_sync", "elapsed_ms": 452.33}
{"role": "timing", "repeat": 3, "profile": "basic-image-unique-v2", "mode": "serial_media", "elapsed_ms": 550.724}
{"role": "timing", "repeat": 3, "profile": "basic-image-unique-v2", "mode": "default", "elapsed_ms": 414.679}
{"role": "timing", "repeat": 3, "profile": "basic-mixed-text-v1", "mode": "default", "elapsed_ms": 68.434}
{"role": "timing", "repeat": 3, "profile": "basic-image-unique-v2", "mode": "official", "elapsed_ms": 433.317}
{"role": "timing", "repeat": 3, "profile": "basic-audio-unique-v2", "mode": "snapshot_memory", "elapsed_ms": 217.892}
{"role": "timing", "repeat": 3, "profile": "basic-audio-unique-v2", "mode": "official", "elapsed_ms": 351.106}
{"role": "timing", "repeat": 3, "profile": "basic-mixed-shared-v2", "mode": "official", "elapsed_ms": 78.722}
{"role": "timing", "repeat": 3, "profile": "basic-audio-unique-v2", "mode": "serial_media", "elapsed_ms": 414.479}
{"role": "timing", "repeat": 3, "profile": "basic-mixed-shared-v2", "mode": "snapshot_disk", "elapsed_ms": 116.373}
{"role": "timing", "repeat": 3, "profile": "basic-mixed-text-v1", "mode": "snapshot_disk", "elapsed_ms": 101.14}
{"role": "timing", "repeat": 3, "profile": "basic-mixed-unique-v2", "mode": "serial_media", "elapsed_ms": 436.408}
timing round 4 complete
{"role": "timing", "repeat": 4, "profile": "basic-image-unique-v2", "mode": "snapshot_disk", "elapsed_ms": 472.488}
{"role": "timing", "repeat": 4, "profile": "basic-mixed-shared-v2", "mode": "official", "elapsed_ms": 82.133}
{"role": "timing", "repeat": 4, "profile": "basic-mixed-shared-v2", "mode": "skip_retain_sync", "elapsed_ms": 72.862}
{"role": "timing", "repeat": 4, "profile": "basic-mixed-shared-v2", "mode": "serial_media", "elapsed_ms": 82.842}
{"role": "timing", "repeat": 4, "profile": "basic-mixed-unique-v2", "mode": "default", "elapsed_ms": 269.735}
{"role": "timing", "repeat": 4, "profile": "basic-audio-unique-v2", "mode": "skip_retain_sync", "elapsed_ms": 349.953}
{"role": "timing", "repeat": 4, "profile": "basic-mixed-unique-v2", "mode": "serial_media", "elapsed_ms": 346.98}
{"role": "timing", "repeat": 4, "profile": "basic-mixed-text-v1", "mode": "skip_retain_sync", "elapsed_ms": 71.157}
{"role": "timing", "repeat": 4, "profile": "basic-audio-unique-v2", "mode": "default", "elapsed_ms": 388.239}
{"role": "timing", "repeat": 4, "profile": "basic-image-unique-v2", "mode": "skip_retain_sync", "elapsed_ms": 477.472}
{"role": "timing", "repeat": 4, "profile": "basic-image-unique-v2", "mode": "serial_media", "elapsed_ms": 563.643}
{"role": "timing", "repeat": 4, "profile": "basic-mixed-unique-v2", "mode": "snapshot_memory", "elapsed_ms": 184.232}
{"role": "timing", "repeat": 4, "profile": "basic-image-unique-v2", "mode": "official", "elapsed_ms": 417.534}
{"role": "timing", "repeat": 4, "profile": "basic-mixed-unique-v2", "mode": "official", "elapsed_ms": 299.702}
{"role": "timing", "repeat": 4, "profile": "basic-audio-unique-v2", "mode": "snapshot_memory", "elapsed_ms": 235.036}
{"role": "timing", "repeat": 4, "profile": "basic-mixed-shared-v2", "mode": "snapshot_memory", "elapsed_ms": 88.768}
{"role": "timing", "repeat": 4, "profile": "basic-audio-unique-v2", "mode": "official", "elapsed_ms": 361.085}
{"role": "timing", "repeat": 4, "profile": "basic-mixed-text-v1", "mode": "official", "elapsed_ms": 65.411}
{"role": "timing", "repeat": 4, "profile": "basic-mixed-text-v1", "mode": "snapshot_memory", "elapsed_ms": 60.805}
{"role": "timing", "repeat": 4, "profile": "basic-mixed-text-v1", "mode": "serial_media", "elapsed_ms": 63.99}
{"role": "timing", "repeat": 4, "profile": "basic-audio-unique-v2", "mode": "serial_media", "elapsed_ms": 395.183}
{"role": "timing", "repeat": 4, "profile": "basic-mixed-shared-v2", "mode": "snapshot_disk", "elapsed_ms": 88.173}
{"role": "timing", "repeat": 4, "profile": "basic-image-unique-v2", "mode": "snapshot_memory", "elapsed_ms": 242.918}
{"role": "timing", "repeat": 4, "profile": "basic-mixed-unique-v2", "mode": "snapshot_disk", "elapsed_ms": 314.623}
{"role": "timing", "repeat": 4, "profile": "basic-mixed-text-v1", "mode": "snapshot_disk", "elapsed_ms": 69.637}
{"role": "timing", "repeat": 4, "profile": "basic-mixed-text-v1", "mode": "default", "elapsed_ms": 61.556}
{"role": "timing", "repeat": 4, "profile": "basic-image-unique-v2", "mode": "default", "elapsed_ms": 410.344}
{"role": "timing", "repeat": 4, "profile": "basic-audio-unique-v2", "mode": "snapshot_disk", "elapsed_ms": 387.087}
{"role": "timing", "repeat": 4, "profile": "basic-mixed-unique-v2", "mode": "skip_retain_sync", "elapsed_ms": 275.936}
{"role": "timing", "repeat": 4, "profile": "basic-mixed-shared-v2", "mode": "default", "elapsed_ms": 85.78}
timing round 5 complete
[{"profile": "basic-mixed-text-v1", "official": 65.411, "default": 67.914, "snapshot_disk": 67.265, "snapshot_memory": 67.239, "serial_media": 63.99, "skip_retain_sync": 65.008}, {"profile": "basic-image-unique-v2", "official": 418.891, "default": 414.679, "snapshot_disk": 449.109, "snapshot_memory": 244.814, "serial_media": 548.394, "skip_retain_sync": 452.33}, {"profile": "basic-audio-unique-v2", "official": 366.544, "default": 355.507, "snapshot_disk": 387.087, "snapshot_memory": 223.044, "serial_media": 414.479, "skip_retain_sync": 343.213}, {"profile": "basic-mixed-unique-v2", "official": 294.276, "default": 299.158, "snapshot_disk": 303.593, "snapshot_memory": 184.232, "serial_media": 346.98, "skip_retain_sync": 278.075}, {"profile": "basic-mixed-shared-v2", "official": 76.575, "default": 77.544, "snapshot_disk": 96.821, "snapshot_memory": 87.735, "serial_media": 82.582, "skip_retain_sync": 72.146}]
