    Blocking waiting for file lock on build directory
    Checking serde v1.0.228
    Checking zerofrom v0.1.8
   Compiling getrandom v0.3.4
   Compiling prost-derive v0.13.5
    Checking thiserror v2.0.18
    Checking yoke v0.8.3
    Checking zip v2.4.2
    Checking zerovec v0.11.8
    Checking zerotrie v0.2.5
    Checking ahash v0.8.11
    Checking serde_yaml v0.9.34+deprecated
    Checking hashbrown v0.14.5
    Checking tinystr v0.8.4
    Checking potential_utf v0.1.6
    Checking tempfile v3.17.1
    Checking icu_collections v2.3.0
    Checking icu_locale_core v2.3.0
    Checking prost v0.13.5
    Checking hashlink v0.9.1
    Checking rusqlite v0.32.1
    Checking icu_provider v2.3.1
    Checking icu_normalizer v2.3.0
    Checking icu_properties v2.3.0
    Checking idna_adapter v1.2.2
    Checking idna v1.1.0
    Checking url v2.5.4
    Checking jsonschema v0.18.3
 Documenting anki_forge v0.1.0 (/Users/hp/Desktop/2026/anki-forge/anki_forge)
    Finished `dev` profile [unoptimized + debuginfo] target(s) in 13.78s
   Generated /Users/hp/Desktop/2026/anki-forge/target/doc/anki_forge/index.html
