32044 0 sha1 15032375
32044 0 ring 108519917
32044 1 ring 94753250
32044 1 sha1 13856291
32044 2 sha1 13834000
32044 2 ring 94836333
32044 3 ring 94531583
32044 3 sha1 13840458
32044 4 sha1 13822417
32044 4 ring 94984458
32044 5 ring 94592416
32044 5 sha1 13837750
32044 6 sha1 13826792
32044 6 ring 94991750
64152 0 sha1 27989166
64152 0 ring 189216292
64152 1 ring 189492709
64152 1 sha1 27685667
64152 2 sha1 27767500
64152 2 ring 190194292
64152 3 ring 189875916
64152 3 sha1 27704750
64152 4 sha1 27671250
64152 4 ring 189309708
64152 5 ring 189557500
64152 5 sha1 27699250
64152 6 sha1 27696500
64152 6 ring 190237791
1048576 0 sha1 453547750
1048576 0 ring 3148936667
1048576 1 ring 3139032875
1048576 1 sha1 455068750
1048576 2 sha1 453507500
1048576 2 ring 3131160208
1048576 3 ring 3392401750
1048576 3 sha1 466956834
1048576 4 sha1 466689583
1048576 4 ring 3347888125
1048576 5 ring 3281897708
1048576 5 sha1 467640834
1048576 6 sha1 468329333
1048576 6 ring 3374892750
