{
  "rust_faster_cells": 0,
  "total_cells": 20,
  "at_1000": [
    {
      "profile": "basic-mixed-text-v1",
      "label": "纯文本",
      "notes": 1000,
      "rust_time_ms_before": 53.871,
      "rust_time_ms_after": 90.99000000000001,
      "rust_time_ms_change_pct": 68.9034916745559,
      "rust_time_ms_delta": 37.11900000000001,
      "rust_rss_mib_before": 30.0625,
      "rust_rss_mib_after": 28.40625,
      "rust_rss_mib_change_pct": -5.509355509355506,
      "rust_rss_mib_delta": -1.65625,
      "rust_apkg_bytes_before": 209225.0,
      "rust_apkg_bytes_after": 436478.0,
      "rust_apkg_bytes_change_pct": 108.6165611184132,
      "rust_apkg_bytes_delta": 227253.0,
      "rust_time_ms_before_q1": 51.639250000000004,
      "rust_time_ms_before_q3": 56.461,
      "rust_time_ms_after_q1": 86.86575,
      "rust_time_ms_after_q3": 93.91375000000001,
      "genanki_time_ms_before": 115.4695,
      "genanki_time_ms_after": 132.2685,
      "genanki_time_ms_change_pct": 14.548430537934243,
      "genanki_time_ms_delta": 16.798999999999992,
      "genanki_rss_mib_before": 32.640625,
      "genanki_rss_mib_after": 32.671875,
      "genanki_rss_mib_change_pct": 0.09573958831976537,
      "genanki_rss_mib_delta": 0.03125,
      "genanki_apkg_bytes_before": 868570.0,
      "genanki_apkg_bytes_after": 868570.0,
      "genanki_apkg_bytes_change_pct": 0.0,
      "genanki_apkg_bytes_delta": 0.0,
      "genanki_time_ms_before_q1": 111.43125,
      "genanki_time_ms_before_q3": 121.83200000000001,
      "genanki_time_ms_after_q1": 130.77425,
      "genanki_time_ms_after_q3": 140.82475,
      "time_saved_pct_before": 53.34612170313373,
      "time_saved_pct_after": 31.208110774674225,
      "time_saved_change_pp": -22.138010928459508,
      "rust_relative_to_genanki_ratio_change_pct": 47.45159831641801
    },
    {
      "profile": "basic-image-unique-v2",
      "label": "独立图片",
      "notes": 1000,
      "rust_time_ms_before": 238.638,
      "rust_time_ms_after": 9863.0955,
      "rust_time_ms_change_pct": 4033.0783446056366,
      "rust_time_ms_delta": 9624.457499999999,
      "rust_rss_mib_before": 40.25,
      "rust_rss_mib_after": 98.28125,
      "rust_rss_mib_change_pct": 144.17701863354034,
      "rust_rss_mib_delta": 58.03125,
      "rust_apkg_bytes_before": 64481665.0,
      "rust_apkg_bytes_after": 64874059.0,
      "rust_apkg_bytes_change_pct": 0.6085357752471099,
      "rust_apkg_bytes_delta": 392394.0,
      "rust_time_ms_before_q1": 203.4565,
      "rust_time_ms_before_q3": 261.5955,
      "rust_time_ms_after_q1": 9590.81175,
      "rust_time_ms_after_q3": 10131.25,
      "genanki_time_ms_before": 365.4905,
      "genanki_time_ms_after": 424.981,
      "genanki_time_ms_change_pct": 16.276893653870616,
      "genanki_time_ms_delta": 59.4905,
      "genanki_rss_mib_before": 35.765625,
      "genanki_rss_mib_after": 35.765625,
      "genanki_rss_mib_change_pct": 0.0,
      "genanki_rss_mib_delta": 0.0,
      "genanki_apkg_bytes_before": 65192774.0,
      "genanki_apkg_bytes_after": 65192774.0,
      "genanki_apkg_bytes_change_pct": 0.0,
      "genanki_apkg_bytes_delta": 0.0,
      "genanki_time_ms_before_q1": 345.86575000000005,
      "genanki_time_ms_before_q3": 505.63325000000003,
      "genanki_time_ms_after_q1": 397.5715,
      "genanki_time_ms_after_q3": 502.45599999999996,
      "time_saved_pct_before": 34.707468456772474,
      "time_saved_pct_after": -2220.8321077883484,
      "time_saved_change_pp": -2255.5395762451208,
      "rust_relative_to_genanki_ratio_change_pct": 3454.5138975838604
    },
    {
      "profile": "basic-audio-unique-v2",
      "label": "独立音频",
      "notes": 1000,
      "rust_time_ms_before": 175.458,
      "rust_time_ms_after": 9388.619,
      "rust_time_ms_change_pct": 5250.921018135395,
      "rust_time_ms_delta": 9213.161,
      "rust_rss_mib_before": 39.5625,
      "rust_rss_mib_after": 66.796875,
      "rust_rss_mib_change_pct": 68.8388625592417,
      "rust_rss_mib_delta": 27.234375,
      "rust_apkg_bytes_before": 32206630.0,
      "rust_apkg_bytes_after": 32597929.0,
      "rust_apkg_bytes_change_pct": 1.2149641238465403,
      "rust_apkg_bytes_delta": 391299.0,
      "rust_time_ms_before_q1": 161.32125,
      "rust_time_ms_before_q3": 194.33325,
      "rust_time_ms_after_q1": 8948.4545,
      "rust_time_ms_after_q3": 9918.327000000001,
      "genanki_time_ms_before": 298.8485,
      "genanki_time_ms_after": 386.33299999999997,
      "genanki_time_ms_change_pct": 29.273862843547803,
      "genanki_time_ms_delta": 87.48449999999997,
      "genanki_rss_mib_before": 36.234375,
      "genanki_rss_mib_after": 36.15625,
      "genanki_rss_mib_change_pct": -0.21561017680034045,
      "genanki_rss_mib_delta": -0.078125,
      "genanki_apkg_bytes_before": 33043814.0,
      "genanki_apkg_bytes_after": 33043814.0,
      "genanki_apkg_bytes_change_pct": 0.0,
      "genanki_apkg_bytes_delta": 0.0,
      "genanki_time_ms_before_q1": 283.51125,
      "genanki_time_ms_before_q3": 410.23825,
      "genanki_time_ms_after_q1": 368.6915,
      "genanki_time_ms_after_q3": 437.41225,
      "time_saved_pct_before": 41.28864625387111,
      "time_saved_pct_after": -2330.188205511826,
      "time_saved_change_pp": -2371.476851765697,
      "rust_relative_to_genanki_ratio_change_pct": 4039.213372629921
    },
    {
      "profile": "basic-mixed-unique-v2",
      "label": "混合独立媒体",
      "notes": 1000,
      "rust_time_ms_before": 160.06,
      "rust_time_ms_after": 6649.202,
      "rust_time_ms_change_pct": 4054.1934274647006,
      "rust_time_ms_delta": 6489.142,
      "rust_rss_mib_before": 38.1875,
      "rust_rss_mib_after": 68.171875,
      "rust_rss_mib_change_pct": 78.51882160392798,
      "rust_rss_mib_delta": 29.984375,
      "rust_apkg_bytes_before": 35516477.0,
      "rust_apkg_bytes_after": 35858388.0,
      "rust_apkg_bytes_change_pct": 0.962682757076383,
      "rust_apkg_bytes_delta": 341911.0,
      "rust_time_ms_before_q1": 151.0895,
      "rust_time_ms_before_q3": 184.40075,
      "rust_time_ms_after_q1": 6422.66475,
      "rust_time_ms_after_q3": 6918.30925,
      "genanki_time_ms_before": 279.531,
      "genanki_time_ms_after": 341.0005,
      "genanki_time_ms_change_pct": 21.990226486507748,
      "genanki_time_ms_delta": 61.46949999999998,
      "genanki_rss_mib_before": 35.203125,
      "genanki_rss_mib_after": 35.125,
      "genanki_rss_mib_change_pct": -0.22192632046160732,
      "genanki_rss_mib_delta": -0.078125,
      "genanki_apkg_bytes_before": 36249906.0,
      "genanki_apkg_bytes_after": 36249906.0,
      "genanki_apkg_bytes_change_pct": 0.0,
      "genanki_apkg_bytes_delta": 0.0,
      "genanki_time_ms_before_q1": 257.63225,
      "genanki_time_ms_before_q3": 347.69174999999996,
      "genanki_time_ms_after_q1": 319.88675,
      "genanki_time_ms_after_q3": 415.9355,
      "time_saved_pct_before": 42.739803456503935,
      "time_saved_pct_after": -1849.9097508654681,
      "time_saved_change_pp": -1892.6495543219721,
      "rust_relative_to_genanki_ratio_change_pct": 3305.349385037956
    },
    {
      "profile": "basic-mixed-shared-v2",
      "label": "混合共享媒体",
      "notes": 1000,
      "rust_time_ms_before": 69.0535,
      "rust_time_ms_after": 492.39250000000004,
      "rust_time_ms_change_pct": 613.0594394201598,
      "rust_time_ms_delta": 423.33900000000006,
      "rust_rss_mib_before": 35.0625,
      "rust_rss_mib_after": 32.90625,
      "rust_rss_mib_change_pct": -6.149732620320858,
      "rust_rss_mib_delta": -2.15625,
      "rust_apkg_bytes_before": 2681091.0,
      "rust_apkg_bytes_after": 2916193.0,
      "rust_apkg_bytes_change_pct": 8.768892961857699,
      "rust_apkg_bytes_delta": 235102.0,
      "rust_time_ms_before_q1": 63.730999999999995,
      "rust_time_ms_before_q3": 72.5555,
      "rust_time_ms_after_q1": 467.8565,
      "rust_time_ms_after_q3": 505.3945,
      "genanki_time_ms_before": 124.0425,
      "genanki_time_ms_after": 142.93099999999998,
      "genanki_time_ms_change_pct": 15.227442207307963,
      "genanki_time_ms_delta": 18.88849999999998,
      "genanki_rss_mib_before": 33.3125,
      "genanki_rss_mib_after": 33.34375,
      "genanki_rss_mib_change_pct": 0.09380863039398779,
      "genanki_rss_mib_delta": 0.03125,
      "genanki_apkg_bytes_before": 3375582.0,
      "genanki_apkg_bytes_after": 3375582.0,
      "genanki_apkg_bytes_change_pct": 0.0,
      "genanki_apkg_bytes_delta": 0.0,
      "genanki_time_ms_before_q1": 118.2375,
      "genanki_time_ms_before_q3": 127.806,
      "genanki_time_ms_after_q1": 142.25075,
      "genanki_time_ms_after_q3": 151.89575,
      "time_saved_pct_before": 44.330773726746884,
      "time_saved_pct_after": -244.49664523441385,
      "time_saved_change_pp": -288.82741896116073,
      "rust_relative_to_genanki_ratio_change_pct": 518.8277946301025
    }
  ]
}
