   Compiling anki_forge v0.1.0 (/Users/hp/Desktop/2026/anki-forge/anki_forge)
warning: use of deprecated associated function `tempfile::TempPath::from_path`: use TempPath::try_from_path
    --> /Users/hp/Desktop/2026/anki-forge/anki_forge/src/product/project.rs:2200:58
     |
2200 |                     input_files.push(tempfile::TempPath::from_path(owned_path));
     |                                                          ^^^^^^^^^
     |
     = note: `#[warn(deprecated)]` on by default

warning: `anki_forge` (lib) generated 1 warning
   Compiling anki-forge-benchmark v0.1.0 (/Users/hp/Desktop/2026/anki-forge/benchmarks/adapters/rust)
    Finished `release` profile [optimized] target(s) in 16.60s
   Compiling anki_forge v0.1.0 (/Users/hp/Desktop/2026/anki-forge/anki_forge)
   Compiling contract_tools v0.1.0 (/Users/hp/Desktop/2026/anki-forge/contract_tools)
    Finished `release` profile [optimized] target(s) in 23.35s
Accepted default adapter, inspector and existing oracle/collector provenance verified
warning: use of deprecated associated function `tempfile::TempPath::from_path`: use TempPath::try_from_path
    --> /Users/hp/Desktop/2026/anki-forge/anki_forge/src/product/project.rs:2200:58
     |
2200 |                     input_files.push(tempfile::TempPath::from_path(owned_path));
     |                                                          ^^^^^^^^^
     |
     = note: `#[warn(deprecated)]` on by default

warning: `anki_forge` (lib) generated 1 warning
    Finished `release` profile [optimized] target(s) in 0.10s
    Finished `release` profile [optimized] target(s) in 0.11s
Accepted default adapter, inspector and existing oracle/collector provenance verified
