timing_warmup repeat 1/3: all 20 cells verified
timing_warmup repeat 2/3: all 20 cells verified
timing_warmup repeat 3/3: all 20 cells verified
timing repeat 1/10: all 20 cells verified
timing repeat 2/10: all 20 cells verified
timing repeat 3/10: all 20 cells verified
timing repeat 4/10: all 20 cells verified
timing repeat 5/10: all 20 cells verified
timing repeat 6/10: all 20 cells verified
timing repeat 7/10: all 20 cells verified
timing repeat 8/10: all 20 cells verified
timing repeat 9/10: all 20 cells verified
timing repeat 10/10: all 20 cells verified
rss_warmup repeat 1/3: all 20 cells verified
rss_warmup repeat 2/3: all 20 cells verified
rss_warmup repeat 3/3: all 20 cells verified
rss repeat 1/5: all 20 cells verified
rss repeat 2/5: all 20 cells verified
rss repeat 3/5: all 20 cells verified
rss repeat 4/5: all 20 cells verified
rss repeat 5/5: all 20 cells verified
/Users/hp/Desktop/2026/anki-forge/benchmarks/.work/runs/20260907T113252Z-streaming-followup-r1
