{"role": "warmup", "repeat": 0, "profile": "basic-audio-unique-v2", "mode": "before", "elapsed_ms": 608.948}
{"role": "warmup", "repeat": 0, "profile": "basic-audio-unique-v2", "mode": "after", "elapsed_ms": 325.504}
{"role": "warmup", "repeat": 0, "profile": "basic-mixed-unique-v2", "mode": "before", "elapsed_ms": 466.42}
{"role": "warmup", "repeat": 0, "profile": "basic-mixed-unique-v2", "mode": "after", "elapsed_ms": 273.011}
{"role": "warmup", "repeat": 0, "profile": "basic-image-unique-v2", "mode": "before", "elapsed_ms": 710.385}
{"role": "warmup", "repeat": 0, "profile": "basic-image-unique-v2", "mode": "after", "elapsed_ms": 385.865}
{"role": "warmup", "repeat": 0, "profile": "basic-mixed-shared-v2", "mode": "before", "elapsed_ms": 98.774}
{"role": "warmup", "repeat": 0, "profile": "basic-mixed-shared-v2", "mode": "after", "elapsed_ms": 87.777}
{"role": "warmup", "repeat": 0, "profile": "basic-mixed-text-v1", "mode": "before", "elapsed_ms": 70.854}
{"role": "warmup", "repeat": 0, "profile": "basic-mixed-text-v1", "mode": "after", "elapsed_ms": 74.571}
warmup round 1 complete
{"role": "warmup", "repeat": 1, "profile": "basic-image-unique-v2", "mode": "after", "elapsed_ms": 353.385}
{"role": "warmup", "repeat": 1, "profile": "basic-image-unique-v2", "mode": "before", "elapsed_ms": 555.984}
{"role": "warmup", "repeat": 1, "profile": "basic-mixed-text-v1", "mode": "after", "elapsed_ms": 73.445}
{"role": "warmup", "repeat": 1, "profile": "basic-mixed-text-v1", "mode": "before", "elapsed_ms": 76.678}
{"role": "warmup", "repeat": 1, "profile": "basic-mixed-shared-v2", "mode": "after", "elapsed_ms": 87.196}
{"role": "warmup", "repeat": 1, "profile": "basic-mixed-shared-v2", "mode": "before", "elapsed_ms": 95.957}
{"role": "warmup", "repeat": 1, "profile": "basic-audio-unique-v2", "mode": "after", "elapsed_ms": 279.653}
{"role": "warmup", "repeat": 1, "profile": "basic-audio-unique-v2", "mode": "before", "elapsed_ms": 441.588}
{"role": "warmup", "repeat": 1, "profile": "basic-mixed-unique-v2", "mode": "after", "elapsed_ms": 251.139}
{"role": "warmup", "repeat": 1, "profile": "basic-mixed-unique-v2", "mode": "before", "elapsed_ms": 340.946}
warmup round 2 complete
{"role": "warmup", "repeat": 2, "profile": "basic-mixed-text-v1", "mode": "before", "elapsed_ms": 79.323}
{"role": "warmup", "repeat": 2, "profile": "basic-mixed-text-v1", "mode": "after", "elapsed_ms": 77.269}
{"role": "warmup", "repeat": 2, "profile": "basic-image-unique-v2", "mode": "before", "elapsed_ms": 500.943}
{"role": "warmup", "repeat": 2, "profile": "basic-image-unique-v2", "mode": "after", "elapsed_ms": 382.085}
{"role": "warmup", "repeat": 2, "profile": "basic-audio-unique-v2", "mode": "before", "elapsed_ms": 414.855}
{"role": "warmup", "repeat": 2, "profile": "basic-audio-unique-v2", "mode": "after", "elapsed_ms": 279.257}
{"role": "warmup", "repeat": 2, "profile": "basic-mixed-unique-v2", "mode": "before", "elapsed_ms": 339.471}
{"role": "warmup", "repeat": 2, "profile": "basic-mixed-unique-v2", "mode": "after", "elapsed_ms": 248.201}
{"role": "warmup", "repeat": 2, "profile": "basic-mixed-shared-v2", "mode": "before", "elapsed_ms": 85.435}
{"role": "warmup", "repeat": 2, "profile": "basic-mixed-shared-v2", "mode": "after", "elapsed_ms": 87.164}
warmup round 3 complete
{"role": "timing", "repeat": 0, "profile": "basic-mixed-unique-v2", "mode": "before", "elapsed_ms": 331.417}
{"role": "timing", "repeat": 0, "profile": "basic-mixed-unique-v2", "mode": "after", "elapsed_ms": 304.217}
{"role": "timing", "repeat": 0, "profile": "basic-image-unique-v2", "mode": "before", "elapsed_ms": 528.686}
{"role": "timing", "repeat": 0, "profile": "basic-image-unique-v2", "mode": "after", "elapsed_ms": 400.737}
{"role": "timing", "repeat": 0, "profile": "basic-audio-unique-v2", "mode": "before", "elapsed_ms": 444.289}
{"role": "timing", "repeat": 0, "profile": "basic-audio-unique-v2", "mode": "after", "elapsed_ms": 304.57}
{"role": "timing", "repeat": 0, "profile": "basic-mixed-shared-v2", "mode": "before", "elapsed_ms": 101.248}
{"role": "timing", "repeat": 0, "profile": "basic-mixed-shared-v2", "mode": "after", "elapsed_ms": 100.986}
{"role": "timing", "repeat": 0, "profile": "basic-mixed-text-v1", "mode": "before", "elapsed_ms": 74.375}
{"role": "timing", "repeat": 0, "profile": "basic-mixed-text-v1", "mode": "after", "elapsed_ms": 72.836}
timing round 1 complete
{"role": "timing", "repeat": 1, "profile": "basic-image-unique-v2", "mode": "after", "elapsed_ms": 351.878}
{"role": "timing", "repeat": 1, "profile": "basic-image-unique-v2", "mode": "before", "elapsed_ms": 504.286}
{"role": "timing", "repeat": 1, "profile": "basic-mixed-shared-v2", "mode": "after", "elapsed_ms": 99.252}
{"role": "timing", "repeat": 1, "profile": "basic-mixed-shared-v2", "mode": "before", "elapsed_ms": 94.966}
{"role": "timing", "repeat": 1, "profile": "basic-audio-unique-v2", "mode": "after", "elapsed_ms": 271.145}
{"role": "timing", "repeat": 1, "profile": "basic-audio-unique-v2", "mode": "before", "elapsed_ms": 413.936}
{"role": "timing", "repeat": 1, "profile": "basic-mixed-text-v1", "mode": "after", "elapsed_ms": 77.666}
{"role": "timing", "repeat": 1, "profile": "basic-mixed-text-v1", "mode": "before", "elapsed_ms": 74.737}
{"role": "timing", "repeat": 1, "profile": "basic-mixed-unique-v2", "mode": "after", "elapsed_ms": 236.479}
{"role": "timing", "repeat": 1, "profile": "basic-mixed-unique-v2", "mode": "before", "elapsed_ms": 354.369}
timing round 2 complete
{"role": "timing", "repeat": 2, "profile": "basic-image-unique-v2", "mode": "before", "elapsed_ms": 500.624}
{"role": "timing", "repeat": 2, "profile": "basic-image-unique-v2", "mode": "after", "elapsed_ms": 380.868}
{"role": "timing", "repeat": 2, "profile": "basic-mixed-unique-v2", "mode": "before", "elapsed_ms": 337.521}
{"role": "timing", "repeat": 2, "profile": "basic-mixed-unique-v2", "mode": "after", "elapsed_ms": 276.279}
{"role": "timing", "repeat": 2, "profile": "basic-audio-unique-v2", "mode": "before", "elapsed_ms": 419.762}
{"role": "timing", "repeat": 2, "profile": "basic-audio-unique-v2", "mode": "after", "elapsed_ms": 294.424}
{"role": "timing", "repeat": 2, "profile": "basic-mixed-text-v1", "mode": "before", "elapsed_ms": 74.704}
{"role": "timing", "repeat": 2, "profile": "basic-mixed-text-v1", "mode": "after", "elapsed_ms": 69.604}
{"role": "timing", "repeat": 2, "profile": "basic-mixed-shared-v2", "mode": "before", "elapsed_ms": 85.357}
{"role": "timing", "repeat": 2, "profile": "basic-mixed-shared-v2", "mode": "after", "elapsed_ms": 91.483}
timing round 3 complete
{"role": "timing", "repeat": 3, "profile": "basic-image-unique-v2", "mode": "after", "elapsed_ms": 359.831}
{"role": "timing", "repeat": 3, "profile": "basic-image-unique-v2", "mode": "before", "elapsed_ms": 568.769}
{"role": "timing", "repeat": 3, "profile": "basic-audio-unique-v2", "mode": "after", "elapsed_ms": 295.997}
{"role": "timing", "repeat": 3, "profile": "basic-audio-unique-v2", "mode": "before", "elapsed_ms": 457.141}
{"role": "timing", "repeat": 3, "profile": "basic-mixed-text-v1", "mode": "after", "elapsed_ms": 78.633}
{"role": "timing", "repeat": 3, "profile": "basic-mixed-text-v1", "mode": "before", "elapsed_ms": 79.065}
{"role": "timing", "repeat": 3, "profile": "basic-mixed-unique-v2", "mode": "after", "elapsed_ms": 239.365}
{"role": "timing", "repeat": 3, "profile": "basic-mixed-unique-v2", "mode": "before", "elapsed_ms": 374.75}
{"role": "timing", "repeat": 3, "profile": "basic-mixed-shared-v2", "mode": "after", "elapsed_ms": 85.517}
{"role": "timing", "repeat": 3, "profile": "basic-mixed-shared-v2", "mode": "before", "elapsed_ms": 87.968}
timing round 4 complete
{"role": "timing", "repeat": 4, "profile": "basic-mixed-text-v1", "mode": "before", "elapsed_ms": 70.394}
{"role": "timing", "repeat": 4, "profile": "basic-mixed-text-v1", "mode": "after", "elapsed_ms": 76.837}
{"role": "timing", "repeat": 4, "profile": "basic-image-unique-v2", "mode": "before", "elapsed_ms": 507.638}
{"role": "timing", "repeat": 4, "profile": "basic-image-unique-v2", "mode": "after", "elapsed_ms": 371.417}
{"role": "timing", "repeat": 4, "profile": "basic-mixed-unique-v2", "mode": "before", "elapsed_ms": 393.335}
{"role": "timing", "repeat": 4, "profile": "basic-mixed-unique-v2", "mode": "after", "elapsed_ms": 284.869}
{"role": "timing", "repeat": 4, "profile": "basic-mixed-shared-v2", "mode": "before", "elapsed_ms": 95.376}
{"role": "timing", "repeat": 4, "profile": "basic-mixed-shared-v2", "mode": "after", "elapsed_ms": 92.012}
{"role": "timing", "repeat": 4, "profile": "basic-audio-unique-v2", "mode": "before", "elapsed_ms": 410.268}
{"role": "timing", "repeat": 4, "profile": "basic-audio-unique-v2", "mode": "after", "elapsed_ms": 285.929}
timing round 5 complete
{"role": "timing", "repeat": 5, "profile": "basic-image-unique-v2", "mode": "after", "elapsed_ms": 356.377}
{"role": "timing", "repeat": 5, "profile": "basic-image-unique-v2", "mode": "before", "elapsed_ms": 522.018}
{"role": "timing", "repeat": 5, "profile": "basic-mixed-unique-v2", "mode": "after", "elapsed_ms": 278.748}
{"role": "timing", "repeat": 5, "profile": "basic-mixed-unique-v2", "mode": "before", "elapsed_ms": 333.621}
{"role": "timing", "repeat": 5, "profile": "basic-mixed-shared-v2", "mode": "after", "elapsed_ms": 89.89}
{"role": "timing", "repeat": 5, "profile": "basic-mixed-shared-v2", "mode": "before", "elapsed_ms": 101.776}
{"role": "timing", "repeat": 5, "profile": "basic-audio-unique-v2", "mode": "after", "elapsed_ms": 295.659}
{"role": "timing", "repeat": 5, "profile": "basic-audio-unique-v2", "mode": "before", "elapsed_ms": 471.568}
{"role": "timing", "repeat": 5, "profile": "basic-mixed-text-v1", "mode": "after", "elapsed_ms": 73.168}
{"role": "timing", "repeat": 5, "profile": "basic-mixed-text-v1", "mode": "before", "elapsed_ms": 73.407}
timing round 6 complete
{"role": "timing", "repeat": 6, "profile": "basic-mixed-shared-v2", "mode": "before", "elapsed_ms": 88.923}
{"role": "timing", "repeat": 6, "profile": "basic-mixed-shared-v2", "mode": "after", "elapsed_ms": 93.389}
{"role": "timing", "repeat": 6, "profile": "basic-mixed-text-v1", "mode": "before", "elapsed_ms": 73.029}
{"role": "timing", "repeat": 6, "profile": "basic-mixed-text-v1", "mode": "after", "elapsed_ms": 73.316}
{"role": "timing", "repeat": 6, "profile": "basic-image-unique-v2", "mode": "before", "elapsed_ms": 485.674}
{"role": "timing", "repeat": 6, "profile": "basic-image-unique-v2", "mode": "after", "elapsed_ms": 377.042}
{"role": "timing", "repeat": 6, "profile": "basic-mixed-unique-v2", "mode": "before", "elapsed_ms": 332.528}
{"role": "timing", "repeat": 6, "profile": "basic-mixed-unique-v2", "mode": "after", "elapsed_ms": 259.361}
{"role": "timing", "repeat": 6, "profile": "basic-audio-unique-v2", "mode": "before", "elapsed_ms": 428.848}
{"role": "timing", "repeat": 6, "profile": "basic-audio-unique-v2", "mode": "after", "elapsed_ms": 319.153}
timing round 7 complete
{"role": "timing", "repeat": 7, "profile": "basic-mixed-unique-v2", "mode": "after", "elapsed_ms": 255.312}
{"role": "timing", "repeat": 7, "profile": "basic-mixed-unique-v2", "mode": "before", "elapsed_ms": 341.578}
{"role": "timing", "repeat": 7, "profile": "basic-mixed-shared-v2", "mode": "after", "elapsed_ms": 91.791}
{"role": "timing", "repeat": 7, "profile": "basic-mixed-shared-v2", "mode": "before", "elapsed_ms": 88.807}
{"role": "timing", "repeat": 7, "profile": "basic-audio-unique-v2", "mode": "after", "elapsed_ms": 279.001}
{"role": "timing", "repeat": 7, "profile": "basic-audio-unique-v2", "mode": "before", "elapsed_ms": 423.09}
{"role": "timing", "repeat": 7, "profile": "basic-mixed-text-v1", "mode": "after", "elapsed_ms": 77.806}
{"role": "timing", "repeat": 7, "profile": "basic-mixed-text-v1", "mode": "before", "elapsed_ms": 71.744}
{"role": "timing", "repeat": 7, "profile": "basic-image-unique-v2", "mode": "after", "elapsed_ms": 344.907}
{"role": "timing", "repeat": 7, "profile": "basic-image-unique-v2", "mode": "before", "elapsed_ms": 502.655}
timing round 8 complete
{"role": "timing", "repeat": 8, "profile": "basic-mixed-text-v1", "mode": "before", "elapsed_ms": 97.462}
{"role": "timing", "repeat": 8, "profile": "basic-mixed-text-v1", "mode": "after", "elapsed_ms": 93.621}
{"role": "timing", "repeat": 8, "profile": "basic-mixed-unique-v2", "mode": "before", "elapsed_ms": 361.738}
{"role": "timing", "repeat": 8, "profile": "basic-mixed-unique-v2", "mode": "after", "elapsed_ms": 272.283}
{"role": "timing", "repeat": 8, "profile": "basic-image-unique-v2", "mode": "before", "elapsed_ms": 482.566}
{"role": "timing", "repeat": 8, "profile": "basic-image-unique-v2", "mode": "after", "elapsed_ms": 383.726}
{"role": "timing", "repeat": 8, "profile": "basic-audio-unique-v2", "mode": "before", "elapsed_ms": 422.288}
{"role": "timing", "repeat": 8, "profile": "basic-audio-unique-v2", "mode": "after", "elapsed_ms": 286.247}
{"role": "timing", "repeat": 8, "profile": "basic-mixed-shared-v2", "mode": "before", "elapsed_ms": 89.929}
{"role": "timing", "repeat": 8, "profile": "basic-mixed-shared-v2", "mode": "after", "elapsed_ms": 88.517}
timing round 9 complete
{"role": "timing", "repeat": 9, "profile": "basic-mixed-text-v1", "mode": "after", "elapsed_ms": 71.693}
{"role": "timing", "repeat": 9, "profile": "basic-mixed-text-v1", "mode": "before", "elapsed_ms": 75.092}
{"role": "timing", "repeat": 9, "profile": "basic-mixed-unique-v2", "mode": "after", "elapsed_ms": 245.896}
{"role": "timing", "repeat": 9, "profile": "basic-mixed-unique-v2", "mode": "before", "elapsed_ms": 336.743}
{"role": "timing", "repeat": 9, "profile": "basic-audio-unique-v2", "mode": "after", "elapsed_ms": 284.196}
{"role": "timing", "repeat": 9, "profile": "basic-audio-unique-v2", "mode": "before", "elapsed_ms": 425.949}
{"role": "timing", "repeat": 9, "profile": "basic-mixed-shared-v2", "mode": "after", "elapsed_ms": 90.898}
{"role": "timing", "repeat": 9, "profile": "basic-mixed-shared-v2", "mode": "before", "elapsed_ms": 86.868}
{"role": "timing", "repeat": 9, "profile": "basic-image-unique-v2", "mode": "after", "elapsed_ms": 345.748}
{"role": "timing", "repeat": 9, "profile": "basic-image-unique-v2", "mode": "before", "elapsed_ms": 507.049}
timing round 10 complete
[{"profile": "basic-mixed-text-v1", "before": 74.54, "after": 75.077}, {"profile": "basic-image-unique-v2", "before": 505.668, "after": 365.624}, {"profile": "basic-audio-unique-v2", "before": 424.519, "after": 290.336}, {"profile": "basic-mixed-unique-v2", "before": 339.549, "after": 265.822}, {"profile": "basic-mixed-shared-v2", "before": 89.426, "after": 91.637}]
