{"role": "warmup", "repeat": 0, "profile": "basic-mixed-unique-v2", "mode": "after", "elapsed_ms": 3578.267}
{"role": "warmup", "repeat": 0, "profile": "basic-mixed-unique-v2", "mode": "before", "elapsed_ms": 383.688}
{"role": "warmup", "repeat": 0, "profile": "basic-audio-unique-v2", "mode": "before", "elapsed_ms": 584.4}
{"role": "warmup", "repeat": 0, "profile": "basic-mixed-shared-v2", "mode": "before", "elapsed_ms": 97.375}
{"role": "warmup", "repeat": 0, "profile": "basic-image-unique-v2", "mode": "before", "elapsed_ms": 729.02}
{"role": "warmup", "repeat": 0, "profile": "basic-image-unique-v2", "mode": "after", "elapsed_ms": 411.974}
{"role": "warmup", "repeat": 0, "profile": "basic-mixed-text-v1", "mode": "after", "elapsed_ms": 76.911}
{"role": "warmup", "repeat": 0, "profile": "basic-audio-unique-v2", "mode": "after", "elapsed_ms": 285.438}
{"role": "warmup", "repeat": 0, "profile": "basic-mixed-shared-v2", "mode": "after", "elapsed_ms": 91.941}
{"role": "warmup", "repeat": 0, "profile": "basic-mixed-text-v1", "mode": "before", "elapsed_ms": 71.418}
warmup round 1 complete
{"role": "timing", "repeat": 0, "profile": "basic-mixed-text-v1", "mode": "after", "elapsed_ms": 69.695}
{"role": "timing", "repeat": 0, "profile": "basic-image-unique-v2", "mode": "before", "elapsed_ms": 496.38}
{"role": "timing", "repeat": 0, "profile": "basic-mixed-unique-v2", "mode": "before", "elapsed_ms": 374.58}
{"role": "timing", "repeat": 0, "profile": "basic-mixed-shared-v2", "mode": "after", "elapsed_ms": 89.263}
{"role": "timing", "repeat": 0, "profile": "basic-image-unique-v2", "mode": "after", "elapsed_ms": 356.587}
{"role": "timing", "repeat": 0, "profile": "basic-audio-unique-v2", "mode": "after", "elapsed_ms": 305.39}
{"role": "timing", "repeat": 0, "profile": "basic-mixed-unique-v2", "mode": "after", "elapsed_ms": 261.675}
{"role": "timing", "repeat": 0, "profile": "basic-mixed-text-v1", "mode": "before", "elapsed_ms": 78.59}
{"role": "timing", "repeat": 0, "profile": "basic-audio-unique-v2", "mode": "before", "elapsed_ms": 430.668}
{"role": "timing", "repeat": 0, "profile": "basic-mixed-shared-v2", "mode": "before", "elapsed_ms": 89.469}
timing round 1 complete
{"role": "timing", "repeat": 1, "profile": "basic-mixed-unique-v2", "mode": "before", "elapsed_ms": 338.684}
{"role": "timing", "repeat": 1, "profile": "basic-image-unique-v2", "mode": "before", "elapsed_ms": 535.6}
{"role": "timing", "repeat": 1, "profile": "basic-mixed-unique-v2", "mode": "after", "elapsed_ms": 248.302}
{"role": "timing", "repeat": 1, "profile": "basic-image-unique-v2", "mode": "after", "elapsed_ms": 381.039}
{"role": "timing", "repeat": 1, "profile": "basic-audio-unique-v2", "mode": "before", "elapsed_ms": 430.743}
{"role": "timing", "repeat": 1, "profile": "basic-mixed-text-v1", "mode": "after", "elapsed_ms": 76.529}
{"role": "timing", "repeat": 1, "profile": "basic-audio-unique-v2", "mode": "after", "elapsed_ms": 281.51}
{"role": "timing", "repeat": 1, "profile": "basic-mixed-text-v1", "mode": "before", "elapsed_ms": 74.033}
{"role": "timing", "repeat": 1, "profile": "basic-mixed-shared-v2", "mode": "before", "elapsed_ms": 90.615}
{"role": "timing", "repeat": 1, "profile": "basic-mixed-shared-v2", "mode": "after", "elapsed_ms": 85.866}
timing round 2 complete
{"role": "timing", "repeat": 2, "profile": "basic-image-unique-v2", "mode": "after", "elapsed_ms": 362.063}
{"role": "timing", "repeat": 2, "profile": "basic-mixed-unique-v2", "mode": "after", "elapsed_ms": 284.479}
{"role": "timing", "repeat": 2, "profile": "basic-mixed-shared-v2", "mode": "after", "elapsed_ms": 91.397}
{"role": "timing", "repeat": 2, "profile": "basic-mixed-unique-v2", "mode": "before", "elapsed_ms": 338.162}
{"role": "timing", "repeat": 2, "profile": "basic-mixed-text-v1", "mode": "after", "elapsed_ms": 74.357}
{"role": "timing", "repeat": 2, "profile": "basic-image-unique-v2", "mode": "before", "elapsed_ms": 512.98}
{"role": "timing", "repeat": 2, "profile": "basic-mixed-text-v1", "mode": "before", "elapsed_ms": 76.58}
{"role": "timing", "repeat": 2, "profile": "basic-mixed-shared-v2", "mode": "before", "elapsed_ms": 86.562}
{"role": "timing", "repeat": 2, "profile": "basic-audio-unique-v2", "mode": "after", "elapsed_ms": 278.226}
{"role": "timing", "repeat": 2, "profile": "basic-audio-unique-v2", "mode": "before", "elapsed_ms": 440.762}
timing round 3 complete
[{"profile": "basic-mixed-text-v1", "before": 76.58, "after": 74.357}, {"profile": "basic-image-unique-v2", "before": 512.98, "after": 362.063}, {"profile": "basic-audio-unique-v2", "before": 430.743, "after": 281.51}, {"profile": "basic-mixed-unique-v2", "before": 338.684, "after": 261.675}, {"profile": "basic-mixed-shared-v2", "before": 89.469, "after": 89.263}]
