{"role": "warmup", "repeat": 0, "profile": "basic-image-unique-v2", "mode": "before", "elapsed_ms": 765.069}
{"role": "warmup", "repeat": 0, "profile": "basic-image-unique-v2", "mode": "after", "elapsed_ms": 510.469}
{"role": "warmup", "repeat": 0, "profile": "basic-mixed-text-v1", "mode": "after", "elapsed_ms": 103.558}
{"role": "warmup", "repeat": 0, "profile": "basic-audio-unique-v2", "mode": "after", "elapsed_ms": 1304.685}
{"role": "warmup", "repeat": 0, "profile": "basic-audio-unique-v2", "mode": "before", "elapsed_ms": 314.235}
{"role": "warmup", "repeat": 0, "profile": "basic-mixed-text-v1", "mode": "before", "elapsed_ms": 79.414}
warmup round 1 complete
{"role": "timing", "repeat": 0, "profile": "basic-audio-unique-v2", "mode": "after", "elapsed_ms": 302.181}
{"role": "timing", "repeat": 0, "profile": "basic-mixed-text-v1", "mode": "after", "elapsed_ms": 82.274}
{"role": "timing", "repeat": 0, "profile": "basic-audio-unique-v2", "mode": "before", "elapsed_ms": 275.451}
{"role": "timing", "repeat": 0, "profile": "basic-mixed-text-v1", "mode": "before", "elapsed_ms": 78.349}
{"role": "timing", "repeat": 0, "profile": "basic-image-unique-v2", "mode": "before", "elapsed_ms": 352.317}
{"role": "timing", "repeat": 0, "profile": "basic-image-unique-v2", "mode": "after", "elapsed_ms": 376.234}
timing round 1 complete
{"role": "timing", "repeat": 1, "profile": "basic-audio-unique-v2", "mode": "after", "elapsed_ms": 282.291}
{"role": "timing", "repeat": 1, "profile": "basic-mixed-text-v1", "mode": "after", "elapsed_ms": 72.157}
{"role": "timing", "repeat": 1, "profile": "basic-image-unique-v2", "mode": "after", "elapsed_ms": 364.241}
{"role": "timing", "repeat": 1, "profile": "basic-mixed-text-v1", "mode": "before", "elapsed_ms": 86.336}
{"role": "timing", "repeat": 1, "profile": "basic-image-unique-v2", "mode": "before", "elapsed_ms": 369.884}
{"role": "timing", "repeat": 1, "profile": "basic-audio-unique-v2", "mode": "before", "elapsed_ms": 303.6}
timing round 2 complete
{"role": "timing", "repeat": 2, "profile": "basic-audio-unique-v2", "mode": "after", "elapsed_ms": 247.721}
{"role": "timing", "repeat": 2, "profile": "basic-audio-unique-v2", "mode": "before", "elapsed_ms": 287.244}
{"role": "timing", "repeat": 2, "profile": "basic-image-unique-v2", "mode": "before", "elapsed_ms": 385.105}
{"role": "timing", "repeat": 2, "profile": "basic-mixed-text-v1", "mode": "after", "elapsed_ms": 88.889}
{"role": "timing", "repeat": 2, "profile": "basic-mixed-text-v1", "mode": "before", "elapsed_ms": 76.222}
{"role": "timing", "repeat": 2, "profile": "basic-image-unique-v2", "mode": "after", "elapsed_ms": 331.7}
timing round 3 complete
[{"profile": "basic-mixed-text-v1", "before": 78.349, "after": 82.274}, {"profile": "basic-image-unique-v2", "before": 369.884, "after": 364.241}, {"profile": "basic-audio-unique-v2", "before": 287.244, "after": 282.291}]
