   Compiling libc v0.2.189
   Compiling proc-macro2 v1.0.107
   Compiling unicode-ident v1.0.24
   Compiling quote v1.0.47
   Compiling cfg-if v1.0.4
   Compiling find-msvc-tools v0.1.12
   Compiling stable_deref_trait v1.2.1
   Compiling shlex v2.0.1
   Compiling autocfg v1.5.1
   Compiling pkg-config v0.3.34
   Compiling version_check v0.9.5
   Compiling serde_core v1.0.229
   Compiling zerocopy v0.8.56
   Compiling memchr v2.8.3
   Compiling writeable v0.6.4
   Compiling smallvec v1.16.0
   Compiling num-traits v0.2.19
   Compiling litemap v0.8.3
   Compiling serde v1.0.229
   Compiling anyhow v1.0.104
   Compiling getrandom v0.3.4
   Compiling utf8_iter v1.0.4
   Compiling icu_normalizer_data v2.3.0
   Compiling icu_properties_data v2.3.0
   Compiling ahash v0.8.12
   Compiling once_cell v1.21.4
   Compiling rustix v1.1.4
   Compiling crc32fast v1.5.1
   Compiling syn v3.0.5
   Compiling syn v2.0.119
   Compiling jobserver v0.1.35
   Compiling num-integer v0.1.47
   Compiling cc v1.4.5
   Compiling bitflags v2.13.1
   Compiling typenum v1.20.1
   Compiling num-bigint v0.4.8
   Compiling errno v0.3.14
   Compiling aho-corasick v1.1.5
   Compiling parking_lot_core v0.9.12
   Compiling regex-syntax v0.8.11
   Compiling hybrid-array v0.4.14
   Compiling simd-adler32 v0.3.10
   Compiling vcpkg v0.2.15
   Compiling zmij v1.0.23
   Compiling zstd-sys v2.1.0+zstd.1.5.7
   Compiling synstructure v0.13.2
   Compiling num-rational v0.4.2
   Compiling libsqlite3-sys v0.30.1
   Compiling displaydoc v0.2.7
   Compiling zerovec-derive v0.11.6
   Compiling serde_derive v1.0.229
   Compiling regex-automata v0.4.18
   Compiling zerofrom-derive v0.1.7
   Compiling yoke-derive v0.8.2
   Compiling zerofrom v0.1.8
   Compiling num-iter v0.1.46
   Compiling num-complex v0.4.6
   Compiling getrandom v0.2.17
   Compiling yoke v0.8.3
   Compiling percent-encoding v2.3.2
   Compiling zstd-safe v7.3.0
   Compiling serde_json v1.0.151
   Compiling num-conv v0.2.2
   Compiling zerovec v0.11.8
   Compiling zerotrie v0.2.5
   Compiling thiserror v2.0.20
   Compiling hashbrown v0.17.1
   Compiling either v1.18.0
   Compiling time-core v0.1.9
   Compiling equivalent v1.0.2
   Compiling bit-vec v0.6.3
   Compiling getrandom v0.4.3
   Compiling scopeguard v1.2.0
   Compiling itoa v1.0.18
   Compiling adler2 v2.0.1
   Compiling miniz_oxide v0.9.1
   Compiling indexmap v2.14.2
   Compiling bit-set v0.5.3
   Compiling lock_api v0.4.14
   Compiling tinystr v0.8.4
   Compiling potential_utf v0.1.6
   Compiling icu_locale_core v2.3.0
   Compiling icu_collections v2.3.0
   Compiling time-macros v0.2.32
   Compiling itertools v0.14.0
   Compiling hashbrown v0.14.5
   Compiling icu_provider v2.3.1
   Compiling icu_properties v2.3.0
   Compiling icu_normalizer v2.3.0
   Compiling form_urlencoded v1.2.2
   Compiling rand_core v0.6.4
   Compiling num v0.4.3
   Compiling ppv-lite86 v0.2.21
   Compiling thiserror-impl v2.0.20
   Compiling blake3 v1.8.7
   Compiling crypto-common v0.2.2
   Compiling block-buffer v0.12.1
   Compiling idna_adapter v1.2.2
   Compiling idna v1.1.0
   Compiling nom v8.0.0
   Compiling unicase v2.6.0
   Compiling deranged v0.5.8
   Compiling tinyvec_macros v0.1.1
   Compiling log v0.4.34
   Compiling bumpalo v3.20.3
   Compiling lazy_static v1.5.0
   Compiling const-oid v0.10.2
   Compiling powerfmt v0.2.0
   Compiling zip v2.4.2
   Compiling digest v0.11.3
   Compiling zopfli v0.8.3
   Compiling fraction v0.15.4
   Compiling tinyvec v1.13.2
   Compiling time v0.3.55
   Compiling url v2.5.8
   Compiling parking_lot v0.12.5
   Compiling rand_chacha v0.3.1
   Compiling prost-derive v0.13.5
   Compiling iso8601 v0.6.5
   Compiling hashlink v0.9.1
   Compiling fancy-regex v0.13.0
   Compiling regex v1.13.1
   Compiling flate2 v1.1.10
   Compiling xattr v1.6.1
   Compiling cpufeatures v0.3.1
   Compiling filetime v0.2.29
   Compiling constant_time_eq v0.4.2
   Compiling anki_forge v0.1.0 (/Users/hp/Desktop/2026/anki-forge/anki_forge)
   Compiling arrayvec v0.7.8
   Compiling fastrand v2.5.0
   Compiling num-cmp v0.1.0
   Compiling bytecount v0.6.9
   Compiling ryu v1.0.23
   Compiling fallible-streaming-iterator v0.1.9
   Compiling uuid v1.26.0
   Compiling fallible-iterator v0.3.0
   Compiling base64 v0.22.1
   Compiling bytes v1.12.1
   Compiling unsafe-libyaml v0.2.11
   Compiling jsonschema v0.18.3
   Compiling tempfile v3.27.0
   Compiling prost v0.13.5
   Compiling serde_yaml v0.9.34+deprecated
   Compiling tar v0.4.46
   Compiling sha1 v0.11.0
   Compiling rand v0.8.8
   Compiling unicode-normalization v0.1.25
   Compiling same-file v1.0.6
   Compiling hex v0.4.3
   Compiling html-escape v0.2.15
   Compiling imagesize v0.13.0
   Compiling zstd v0.13.3
   Compiling rusqlite v0.32.1
warning: use of deprecated associated function `tempfile::TempPath::from_path`: use TempPath::try_from_path
    --> /Users/hp/Desktop/2026/anki-forge/anki_forge/src/product/project.rs:2283:58
     |
2283 |                     input_files.push(tempfile::TempPath::from_path(owned_path));
     |                                                          ^^^^^^^^^
     |
     = note: `#[warn(deprecated)]` on by default

warning: `anki_forge` (lib) generated 1 warning
   Compiling anki-forge-benchmark v0.1.0 (/Users/hp/Desktop/2026/anki-forge/benchmarks/adapters/rust)
    Finished `release` profile [optimized] target(s) in 58.38s
    Finished `release` profile [optimized] target(s) in 0.34s
{
  "status": "prepared",
  "matched_source_files": 198,
  "builds": {
    "/Users/hp/Desktop/2026/anki-forge/benchmarks/.tools/measure": "verified",
    "/Users/hp/Desktop/2026/anki-forge/target/release/contract_tools": "verified",
    "/Users/hp/Desktop/2026/anki-forge/scripts/roundtrip_oracle/target/debug/benchmark_oracle": "verified",
    "/Users/hp/Desktop/2026/anki-forge/benchmarks/adapters/rust/target/release/anki-forge-benchmark": "verified"
  }
}
