before-after-timing: iteration -1/7
before-after-timing: iteration 0/7
before-after-timing: iteration 1/7
before-after-timing: iteration 2/7
before-after-timing: iteration 3/7
before-after-timing: iteration 4/7
before-after-timing: iteration 5/7
before-after-timing: iteration 6/7
before-after-timing: iteration 7/7
text-1000 {'current': 65.963, 'accepted': 66.18}
image-1000 {'current': 232.896, 'accepted': 233.234}
audio-1000 {'current': 197.228, 'accepted': 195.368}
mixed-1000 {'current': 173.844, 'accepted': 170.785}
shared-1000 {'current': 79.005, 'accepted': 79.165}
text-100 {'current': 25.072, 'accepted': 24.844}
text-10000 {'current': 537.971, 'accepted': 544.362}
long-back-1000 {'current': 157.616, 'accepted': 158.004}
boundary-65536 {'current': 235.595, 'accepted': 235.93}
boundary-65537 {'current': 235.196, 'accepted': 235.234}
image-256x256k {'current': 160.546, 'accepted': 156.981}
image-64x1m {'current': 170.155, 'accepted': 159.996}
image-skewed-128 {'current': 129.925, 'accepted': 117.607}
text-200 {'current': 30.932, 'accepted': 29.887}
text-500 {'current': 43.003, 'accepted': 43.352}
image-100 {'current': 46.318, 'accepted': 45.404}
image-200 {'current': 65.458, 'accepted': 64.711}
image-500 {'current': 128.272, 'accepted': 126.636}
audio-100 {'current': 39.203, 'accepted': 39.773}
audio-200 {'current': 59.084, 'accepted': 56.159}
audio-500 {'current': 108.864, 'accepted': 107.513}
mixed-100 {'current': 37.582, 'accepted': 38.257}
mixed-200 {'current': 52.042, 'accepted': 52.179}
mixed-500 {'current': 98.334, 'accepted': 99.236}
shared-100 {'current': 34.744, 'accepted': 35.117}
shared-200 {'current': 40.452, 'accepted': 39.344}
shared-500 {'current': 52.917, 'accepted': 53.165}
long-back-quarter-1000 {'current': 88.114, 'accepted': 88.488}
long-back-quadruple-1000 {'current': 399.819, 'accepted': 402.074}
before-after-rss: iteration -1/5
before-after-rss: iteration 0/5
before-after-rss: iteration 1/5
before-after-rss: iteration 2/5
before-after-rss: iteration 3/5
before-after-rss: iteration 4/5
before-after-rss: iteration 5/5
text-1000 {'current': 66.363, 'accepted': 65.042}
image-1000 {'current': 234.787, 'accepted': 231.701}
audio-1000 {'current': 200.355, 'accepted': 197.416}
mixed-1000 {'current': 170.676, 'accepted': 172.069}
shared-1000 {'current': 80.652, 'accepted': 79.972}
text-100 {'current': 26.007, 'accepted': 25.07}
text-10000 {'current': 549.62, 'accepted': 538.241}
long-back-1000 {'current': 159.452, 'accepted': 159.546}
boundary-65536 {'current': 236.55, 'accepted': 237.453}
boundary-65537 {'current': 239.444, 'accepted': 237.317}
image-256x256k {'current': 157.832, 'accepted': 156.942}
image-64x1m {'current': 169.296, 'accepted': 160.152}
image-skewed-128 {'current': 129.214, 'accepted': 116.717}
text-200 {'current': 29.363, 'accepted': 29.71}
text-500 {'current': 42.252, 'accepted': 44.158}
image-100 {'current': 44.081, 'accepted': 44.5}
image-200 {'current': 65.969, 'accepted': 65.928}
image-500 {'current': 128.063, 'accepted': 127.998}
audio-100 {'current': 39.872, 'accepted': 40.947}
audio-200 {'current': 56.216, 'accepted': 58.124}
audio-500 {'current': 108.139, 'accepted': 107.224}
mixed-100 {'current': 37.511, 'accepted': 37.378}
mixed-200 {'current': 51.884, 'accepted': 54.197}
mixed-500 {'current': 97.315, 'accepted': 97.179}
shared-100 {'current': 34.018, 'accepted': 35.266}
shared-200 {'current': 38.95, 'accepted': 40.559}
shared-500 {'current': 53.687, 'accepted': 54.468}
long-back-quarter-1000 {'current': 87.463, 'accepted': 89.635}
long-back-quadruple-1000 {'current': 398.59, 'accepted': 401.862}
