VERIFIED text-1000 both exact artifacts + Anki import/render
VERIFIED image-1000 both exact artifacts + Anki import/render
VERIFIED audio-1000 both exact artifacts + Anki import/render
VERIFIED mixed-1000 both exact artifacts + Anki import/render
VERIFIED shared-1000 both exact artifacts + Anki import/render
VERIFIED text-100 both exact artifacts + Anki import/render
VERIFIED text-10000 both exact artifacts + Anki import/render
VERIFIED long-back-1000 both exact artifacts + Anki import/render
VERIFIED boundary-65536 both exact artifacts + Anki import/render
VERIFIED boundary-65537 both exact artifacts + Anki import/render
VERIFIED image-256x256k both exact artifacts + Anki import/render
VERIFIED image-64x1m both exact artifacts + Anki import/render
VERIFIED image-skewed-128 both exact artifacts + Anki import/render
VERIFIED text-200 both exact artifacts + Anki import/render
VERIFIED text-500 both exact artifacts + Anki import/render
VERIFIED image-100 both exact artifacts + Anki import/render
VERIFIED image-200 both exact artifacts + Anki import/render
VERIFIED image-500 both exact artifacts + Anki import/render
VERIFIED audio-100 both exact artifacts + Anki import/render
VERIFIED audio-200 both exact artifacts + Anki import/render
VERIFIED audio-500 both exact artifacts + Anki import/render
VERIFIED mixed-100 both exact artifacts + Anki import/render
VERIFIED mixed-200 both exact artifacts + Anki import/render
VERIFIED mixed-500 both exact artifacts + Anki import/render
VERIFIED shared-100 both exact artifacts + Anki import/render
VERIFIED shared-200 both exact artifacts + Anki import/render
VERIFIED shared-500 both exact artifacts + Anki import/render
VERIFIED long-back-quarter-1000 both exact artifacts + Anki import/render
VERIFIED long-back-quadruple-1000 both exact artifacts + Anki import/render
